Archive member included to satisfy reference by file (symbol)

c:/nxp/mcuxpressoide_11.0.1_2563/ide/plugins/com.nxp.mcuxpresso.tools.win32_11.0.1.201907311258/tools/bin/../lib/gcc/arm-none-eabi/8.2.1/../../../../arm-none-eabi/lib/thumb/v6-m/nofp\libcr_nohost_nf.a(_cr__main.o)
                              ./startup/startup_mkl25z4.o (__main)
c:/nxp/mcuxpressoide_11.0.1_2563/ide/plugins/com.nxp.mcuxpresso.tools.win32_11.0.1.201907311258/tools/bin/../lib/gcc/arm-none-eabi/8.2.1/../../../../arm-none-eabi/lib/thumb/v6-m/nofp\libcr_c.a(sqrtf.o)
                              ./source/program2.o (sqrtf)
c:/nxp/mcuxpressoide_11.0.1_2563/ide/plugins/com.nxp.mcuxpresso.tools.win32_11.0.1.201907311258/tools/bin/../lib/gcc/arm-none-eabi/8.2.1/../../../../arm-none-eabi/lib/thumb/v6-m/nofp\libcr_c.a(memcpy.o)
                              ./freertos/queue.o (memcpy)
c:/nxp/mcuxpressoide_11.0.1_2563/ide/plugins/com.nxp.mcuxpresso.tools.win32_11.0.1.201907311258/tools/bin/../lib/gcc/arm-none-eabi/8.2.1/../../../../arm-none-eabi/lib/thumb/v6-m/nofp\libcr_c.a(memset.o)
                              ./freertos/tasks.o (memset)
c:/nxp/mcuxpressoide_11.0.1_2563/ide/plugins/com.nxp.mcuxpresso.tools.win32_11.0.1.201907311258/tools/bin/../lib/gcc/arm-none-eabi/8.2.1/../../../../arm-none-eabi/lib/thumb/v6-m/nofp\libcr_c.a(alloc.o)
                              ./source/program2.o (malloc)
c:/nxp/mcuxpressoide_11.0.1_2563/ide/plugins/com.nxp.mcuxpresso.tools.win32_11.0.1.201907311258/tools/bin/../lib/gcc/arm-none-eabi/8.2.1/../../../../arm-none-eabi/lib/thumb/v6-m/nofp\libcr_c.a(errno.o)
                              c:/nxp/mcuxpressoide_11.0.1_2563/ide/plugins/com.nxp.mcuxpresso.tools.win32_11.0.1.201907311258/tools/bin/../lib/gcc/arm-none-eabi/8.2.1/../../../../arm-none-eabi/lib/thumb/v6-m/nofp\libcr_c.a(sqrtf.o) (errno)
c:/nxp/mcuxpressoide_11.0.1_2563/ide/plugins/com.nxp.mcuxpresso.tools.win32_11.0.1.201907311258/tools/bin/../lib/gcc/arm-none-eabi/8.2.1/../../../../arm-none-eabi/lib/thumb/v6-m/nofp\libcr_c.a(initio.o)
                              c:/nxp/mcuxpressoide_11.0.1_2563/ide/plugins/com.nxp.mcuxpresso.tools.win32_11.0.1.201907311258/tools/bin/../lib/gcc/arm-none-eabi/8.2.1/../../../../arm-none-eabi/lib/thumb/v6-m/nofp\libcr_nohost_nf.a(_cr__main.o) (_initio)
c:/nxp/mcuxpressoide_11.0.1_2563/ide/plugins/com.nxp.mcuxpresso.tools.win32_11.0.1.201907311258/tools/bin/../lib/gcc/arm-none-eabi/8.2.1/../../../../arm-none-eabi/lib/thumb/v6-m/nofp\libcr_c.a(modf.o)
                              ./utilities/fsl_debug_console.o (modf)
c:/nxp/mcuxpressoide_11.0.1_2563/ide/plugins/com.nxp.mcuxpresso.tools.win32_11.0.1.201907311258/tools/bin/../lib/gcc/arm-none-eabi/8.2.1/../../../../arm-none-eabi/lib/thumb/v6-m/nofp\libcr_c.a(pow.o)
                              ./utilities/fsl_debug_console.o (pow)
c:/nxp/mcuxpressoide_11.0.1_2563/ide/plugins/com.nxp.mcuxpresso.tools.win32_11.0.1.201907311258/tools/bin/../lib/gcc/arm-none-eabi/8.2.1/../../../../arm-none-eabi/lib/thumb/v6-m/nofp\libcr_c.a(setvbuf.o)
                              c:/nxp/mcuxpressoide_11.0.1_2563/ide/plugins/com.nxp.mcuxpresso.tools.win32_11.0.1.201907311258/tools/bin/../lib/gcc/arm-none-eabi/8.2.1/../../../../arm-none-eabi/lib/thumb/v6-m/nofp\libcr_c.a(initio.o) (setvbuf)
c:/nxp/mcuxpressoide_11.0.1_2563/ide/plugins/com.nxp.mcuxpresso.tools.win32_11.0.1.201907311258/tools/bin/../lib/gcc/arm-none-eabi/8.2.1/../../../../arm-none-eabi/lib/thumb/v6-m/nofp\libcr_c.a(sin.o)
                              ./source/program1.o (sin)
c:/nxp/mcuxpressoide_11.0.1_2563/ide/plugins/com.nxp.mcuxpresso.tools.win32_11.0.1.201907311258/tools/bin/../lib/gcc/arm-none-eabi/8.2.1/../../../../arm-none-eabi/lib/thumb/v6-m/nofp\libcr_c.a(strlen.o)
                              ./utilities/fsl_debug_console.o (strlen)
c:/nxp/mcuxpressoide_11.0.1_2563/ide/plugins/com.nxp.mcuxpresso.tools.win32_11.0.1.201907311258/tools/bin/../lib/gcc/arm-none-eabi/8.2.1/../../../../arm-none-eabi/lib/thumb/v6-m/nofp\libcr_c.a(__init_alloc.o)
                              c:/nxp/mcuxpressoide_11.0.1_2563/ide/plugins/com.nxp.mcuxpresso.tools.win32_11.0.1.201907311258/tools/bin/../lib/gcc/arm-none-eabi/8.2.1/../../../../arm-none-eabi/lib/thumb/v6-m/nofp\libcr_c.a(alloc.o) (__heaps)
c:/nxp/mcuxpressoide_11.0.1_2563/ide/plugins/com.nxp.mcuxpresso.tools.win32_11.0.1.201907311258/tools/bin/../lib/gcc/arm-none-eabi/8.2.1/../../../../arm-none-eabi/lib/thumb/v6-m/nofp\libcr_c.a(_cr_sbrk.o)
                              c:/nxp/mcuxpressoide_11.0.1_2563/ide/plugins/com.nxp.mcuxpresso.tools.win32_11.0.1.201907311258/tools/bin/../lib/gcc/arm-none-eabi/8.2.1/../../../../arm-none-eabi/lib/thumb/v6-m/nofp\libcr_c.a(alloc.o) (_sbrk)
c:/nxp/mcuxpressoide_11.0.1_2563/ide/plugins/com.nxp.mcuxpresso.tools.win32_11.0.1.201907311258/tools/bin/../lib/gcc/arm-none-eabi/8.2.1/../../../../arm-none-eabi/lib/thumb/v6-m/nofp\libcr_c.a(_fdopen.o)
[...]
Memory Configuration

Name             Origin             Length             Attributes
PROGRAM_FLASH    0x00000000         0x00020000         xr
SRAM             0x1ffff000         0x00004000         xrw
*default*        0x00000000         0xffffffff

Linker script and memory map

LOAD ./utilities/fsl_debug_console.o
LOAD ./startup/startup_mkl25z4.o
LOAD ./source/adc.o
LOAD ./source/circularbuffer.o
LOAD ./source/dac.o
LOAD ./source/dma.o
LOAD ./source/led_control.o
LOAD ./source/logger.o
LOAD ./source/main.o
LOAD ./source/mtb.o
LOAD ./source/program1.o
LOAD ./source/program2.o
LOAD ./source/semihost_hardfault.o
LOAD ./freertos/croutine.o
LOAD ./freertos/event_groups.o
LOAD ./freertos/fsl_tickless_lptmr.o
LOAD ./freertos/fsl_tickless_systick.o
LOAD ./freertos/heap_4.o
LOAD ./freertos/list.o
LOAD ./freertos/port.o
LOAD ./freertos/queue.o
LOAD ./freertos/tasks.o
LOAD ./freertos/timers.o
LOAD ./drivers/fsl_adc16.o
LOAD ./drivers/fsl_clock.o
LOAD ./drivers/fsl_common.o
LOAD ./drivers/fsl_dac.o
LOAD ./drivers/fsl_dma.o
LOAD ./drivers/fsl_dmamux.o
LOAD ./drivers/fsl_flash.o
LOAD ./drivers/fsl_gpio.o
LOAD ./drivers/fsl_lpsci.o
LOAD ./drivers/fsl_lpsci_dma.o
LOAD ./drivers/fsl_lpsci_freertos.o
LOAD ./drivers/fsl_smc.o
LOAD ./drivers/fsl_uart.o
LOAD ./drivers/fsl_uart_dma.o
LOAD ./drivers/fsl_uart_freertos.o
LOAD ./board/board.o
LOAD ./board/clock_config.o
LOAD ./board/peripherals.o
LOAD ./board/pin_mux.o
LOAD ./CMSIS/system_MKL25Z4.o
START GROUP
LOAD c:/nxp/mcuxpressoide_11.0.1_2563/ide/plugins/com.nxp.mcuxpresso.tools.win32_11.0.1.201907311258/tools/bin/../lib/gcc/arm-none-eabi/8.2.1/../../../../arm-none-eabi/lib/thumb/v6-m/nofp\libcr_nohost_nf.a
LOAD c:/nxp/mcuxpressoide_11.0.1_2563/ide/plugins/com.nxp.mcuxpresso.tools.win32_11.0.1.201907311258/tools/bin/../lib/gcc/arm-none-eabi/8.2.1/../../../../arm-none-eabi/lib/thumb/v6-m/nofp\libcr_c.a
LOAD c:/nxp/mcuxpressoide_11.0.1_2563/ide/plugins/com.nxp.mcuxpresso.tools.win32_11.0.1.201907311258/tools/bin/../lib/gcc/arm-none-eabi/8.2.1/thumb/v6-m/nofp\libcr_eabihelpers.a
LOAD c:/nxp/mcuxpressoide_11.0.1_2563/ide/plugins/com.nxp.mcuxpresso.tools.win32_11.0.1.201907311258/tools/bin/../lib/gcc/arm-none-eabi/8.2.1/thumb/v6-m/nofp\libgcc.a
END GROUP
                0x00000000                __base_PROGRAM_FLASH = 0x0
                0x00000000                __base_Flash = 0x0
                0x00020000                __top_PROGRAM_FLASH = 0x20000
                0x00020000                __top_Flash = 0x20000
                0x1ffff000                __base_SRAM = 0x1ffff000
                0x1ffff000                __base_RAM = 0x1ffff000
                0x20003000                __top_SRAM = 0x20003000
                0x20003000                __top_RAM = 0x20003000

.text           0x00000000     0x9928
 FILL mask 0xff
                0x00000000                __vectors_start__ = ABSOLUTE (.)
 *(SORT_BY_ALIGNMENT(.isr_vector))
 .isr_vector    0x00000000       0xc0 ./startup/startup_mkl25z4.o
                0x00000000                g_pfnVectors
                0x00000000                __Vectors
                0x000000c0                . = ALIGN (0x4)
                0x000000c0                __section_table_start = .
                0x000000c0                __data_section_table = .
                0x000000c0        0x4 LONG 0x9928 LOADADDR (.data)
                0x000000c4        0x4 LONG 0x1ffff080 ADDR (.data)
                0x000000c8        0x4 LONG 0xc SIZEOF (.data)
                0x000000cc                __data_section_table_end = .
                0x000000cc                __bss_section_table = .
                0x000000cc        0x4 LONG 0x1ffff08c ADDR (.bss)
                0x000000d0        0x4 LONG 0x2bbc SIZEOF (.bss)
                0x000000d4                __bss_section_table_end = .
                0x000000d4                __section_table_end = .
 *(SORT_BY_ALIGNMENT(.after_vectors*))
 .after_vectors.reset
                0x000000d4       0x4c ./startup/startup_mkl25z4.o
                0x000000d4                ResetISR
 .after_vectors.init_data
                0x00000120       0x12 ./startup/startup_mkl25z4.o
                0x00000120                data_init
 .after_vectors.init_bss
                0x00000132       0x10 ./startup/startup_mkl25z4.o
                0x00000132                bss_init
 .after_vectors
                0x00000142      0x10c ./startup/startup_mkl25z4.o
                0x00000142                NMI_Handler
                0x0000014c                I2C0_DriverIRQHandler
                0x0000014c                SPI1_DriverIRQHandler
                0x0000014c                LPTMR0_DriverIRQHandler
                0x0000014c                Reserved39_DriverIRQHandler
                0x0000014c                PIT_DriverIRQHandler
                0x0000014c                PORTD_DriverIRQHandler
                0x0000014c                CMP0_DriverIRQHandler
                0x0000014c                ADC0_DriverIRQHandler
                0x0000014c                TPM2_DriverIRQHandler
                0x0000014c                SPI0_DriverIRQHandler
                0x0000014c                I2C1_DriverIRQHandler
                0x0000014c                TSI0_DriverIRQHandler
                0x0000014c                RTC_Seconds_DriverIRQHandler
                0x0000014c                TPM0_DriverIRQHandler
                0x0000014c                RTC_DriverIRQHandler
                0x0000014c                LLWU_DriverIRQHandler
                0x0000014c                MCG_DriverIRQHandler
                0x0000014c                TPM1_DriverIRQHandler
                0x0000014c                PORTA_DriverIRQHandler
                0x0000014c                Reserved45_DriverIRQHandler
                0x0000014c                FTFA_DriverIRQHandler
                0x0000014c                IntDefaultHandler
                0x0000014c                USB0_DriverIRQHandler
                0x0000014c                DAC0_DriverIRQHandler
                0x0000014c                Reserved20_DriverIRQHandler
                0x0000014c                LVD_LVW_DriverIRQHandler
                0x0000014e                DMA0_IRQHandler
                0x00000156                DMA1_IRQHandler
                0x0000015e                DMA2_IRQHandler
                0x00000166                DMA3_IRQHandler
                0x0000016e                Reserved20_IRQHandler
                0x00000176                FTFA_IRQHandler
                0x0000017e                LVD_LVW_IRQHandler
                0x00000186                LLWU_IRQHandler
                0x0000018e                I2C0_IRQHandler
                0x00000196                I2C1_IRQHandler
                0x0000019e                SPI0_IRQHandler
                0x000001a6                SPI1_IRQHandler
                0x000001ae                UART0_IRQHandler
                0x000001b6                UART1_IRQHandler
                0x000001be                UART2_IRQHandler
                0x000001c6                ADC0_IRQHandler
                0x000001ce                CMP0_IRQHandler
                0x000001d6                TPM0_IRQHandler
                0x000001de                TPM1_IRQHandler
                0x000001e6                TPM2_IRQHandler
                0x000001ee                RTC_IRQHandler
                0x000001f6                RTC_Seconds_IRQHandler
                0x000001fe                PIT_IRQHandler
                0x00000206                Reserved39_IRQHandler
                0x0000020e                USB0_IRQHandler
                0x00000216                DAC0_IRQHandler
                0x0000021e                TSI0_IRQHandler
                0x00000226                MCG_IRQHandler
                0x0000022e                LPTMR0_IRQHandler
                0x00000236                Reserved45_IRQHandler
                0x0000023e                PORTA_IRQHandler
                0x00000246                PORTD_IRQHandler
                0x00000400                . = 0x400
 *fill*         0x0000024e      0x1b2 ff
                0x00000400                PROVIDE (__FLASH_CONFIG_START__ = .)
 *(SORT_BY_ALIGNMENT(.FlashConfig))
 .FlashConfig   0x00000400       0x10 ./startup/startup_mkl25z4.o
                0x00000400                Flash_Config
                0x00000410                PROVIDE (__FLASH_CONFIG_END__ = .)
                0x00000001                ASSERT (! ((__FLASH_CONFIG_START__ == __FLASH_CONFIG_END__)), Linker Flash Config Support Enabled, but no .FlashConfig section provided within application)
 *(SORT_BY_ALIGNMENT(.text*))
 .text.vPortStartFirstTask
                0x00000410       0x38 ./freertos/port.o
 *fill*         0x00000448        0x8 ff
 .text.PendSV_Handler
                0x00000450       0x48 ./freertos/port.o
                0x00000450                PendSV_Handler
 .text.DbgConsole_Init
                0x00000498       0xf0 ./utilities/fsl_debug_console.o
                0x00000498                DbgConsole_Init
 .text.DbgConsole_Printf
                0x00000588       0x44 ./utilities/fsl_debug_console.o
                0x00000588                DbgConsole_Printf
 .text.DbgConsole_Putchar
                0x000005cc       0x34 ./utilities/fsl_debug_console.o
                0x000005cc                DbgConsole_Putchar
 .text.DbgConsole_ConvertFloatRadixNumToString
                0x00000600      0x2a4 ./utilities/fsl_debug_console.o
 .text.initADC  0x000008a4       0x70 ./source/adc.o
                0x000008a4                initADC
 .text.add      0x00000914       0xb4 ./source/circularbuffer.o
                0x00000914                add
 .text.initDAC  0x000009c8       0x30 ./source/dac.o
                0x000009c8                initDAC
 .text.DMA_EnableInterrupts
                0x000009f8       0x4c ./source/dma.o
 .text.DMAMUX_EnableChannel
                0x00000a44       0x40 ./source/dma.o
 .text.DMAMUX_SetSource
                0x00000a84       0x50 ./source/dma.o
 .text.initDMA  0x00000ad4       0x64 ./source/dma.o
                0x00000ad4                initDMA
 .text.DMA_Callback
                0x00000b38       0x1c ./source/dma.o
                0x00000b38                DMA_Callback
 .text.initializeLEDs
                0x00000b54       0x60 ./source/led_control.o
                0x00000b54                initializeLEDs
 .text.toggleLED
                0x00000bb4       0xd4 ./source/led_control.o
                0x00000bb4                toggleLED
 .text.log_string
                0x00000c88       0x78 ./source/logger.o
                0x00000c88                log_string
 .text.log_time
                0x00000d00       0x90 ./source/logger.o
                0x00000d00                log_time
 .text.printLevel
                0x00000d90       0x4c ./source/logger.o
                0x00000d90                printLevel
 .text.printFunction
                0x00000ddc      0x1f8 ./source/logger.o
                0x00000ddc                printFunction
 .text.main     0x00000fd4      0x10c ./source/main.o
                0x00000fd4                main
 .text.genDACValues
                0x000010e0       0xe8 ./source/program1.o
                0x000010e0                genDACValues
 .text.ADC16_GetChannelConversionValue
                0x000011c8       0x30 ./source/program2.o
 .text.DMA_StartTransfer
                0x000011f8       0x54 ./source/program2.o
 .text.updateDAC_task
                0x0000124c       0x88 ./source/program2.o
                0x0000124c                updateDAC_task
 .text.transferADC_task
                0x000012d4      0x198 ./source/program2.o
                0x000012d4                transferADC_task
 .text.processSignal_task
                0x0000146c      0x314 ./source/program2.o
                0x0000146c                processSignal_task
 .text.timerLEDOff
                0x00001780       0x20 ./source/program2.o
 .text.HardFault_Handler
                0x000017a0       0x30 ./source/semihost_hardfault.o
                0x000017a0                HardFault_Handler
 .text.prvSetupTimerInterrupt
                0x000017d0       0x40 ./freertos/fsl_tickless_lptmr.o
                0x000017d0                prvSetupTimerInterrupt
 .text.pvPortMalloc
                0x00001810      0x14c ./freertos/heap_4.o
                0x00001810                pvPortMalloc
 .text.vPortFree
                0x0000195c       0x90 ./freertos/heap_4.o
                0x0000195c                vPortFree
 .text.prvHeapInit
                0x000019ec       0xc0 ./freertos/heap_4.o
 .text.prvInsertBlockIntoFreeList
                0x00001aac       0xb0 ./freertos/heap_4.o
 .text.pxPortInitialiseStack
                0x00001b5c       0x54 ./freertos/port.o
                0x00001b5c                pxPortInitialiseStack
 .text.prvTaskExitError
                0x00001bb0       0x18 ./freertos/port.o
 .text.xPortStartScheduler
                0x00001bc8       0x44 ./freertos/port.o
                0x00001bc8                xPortStartScheduler
 .text.vPortEndScheduler
                0x00001c0c       0x20 ./freertos/port.o
                0x00001c0c                vPortEndScheduler
 .text.vPortYield
                0x00001c2c       0x20 ./freertos/port.o
                0x00001c2c                vPortYield
 .text.vPortEnterCritical
                0x00001c4c       0x24 ./freertos/port.o
                0x00001c4c                vPortEnterCritical
 .text.vPortExitCritical
                0x00001c70       0x30 ./freertos/port.o
                0x00001c70                vPortExitCritical
 .text.SysTick_Handler
                0x00001ca0       0x40 ./freertos/port.o
                0x00001ca0                SysTick_Handler
 .text.vQueueAddToRegistry
                0x00001ce0       0x50 ./freertos/queue.o
                0x00001ce0                vQueueAddToRegistry
 .text.prvInitialiseNewTask
                0x00001d30      0x120 ./freertos/tasks.o
 .text.prvAddNewTaskToReadyList
                0x00001e50       0xd0 ./freertos/tasks.o
 .text.vTaskDelay
                0x00001f20       0x4c ./freertos/tasks.o
                0x00001f20                vTaskDelay
 .text.vTaskStartScheduler
                0x00001f6c       0x78 ./freertos/tasks.o
                0x00001f6c                vTaskStartScheduler
 .text.vTaskEndScheduler
                0x00001fe4       0x1c ./freertos/tasks.o
                0x00001fe4                vTaskEndScheduler
 .text.vTaskSuspendAll
                0x00002000       0x18 ./freertos/tasks.o
                0x00002000                vTaskSuspendAll
 .text.xTaskResumeAll
                0x00002018      0x118 ./freertos/tasks.o
                0x00002018                xTaskResumeAll
 .text.xTaskGetTickCount
                0x00002130       0x1c ./freertos/tasks.o
                0x00002130                xTaskGetTickCount
 .text.xTaskIncrementTick
                0x0000214c      0x14c ./freertos/tasks.o
                0x0000214c                xTaskIncrementTick
 .text.vTaskSwitchContext
                0x00002298       0xa4 ./freertos/tasks.o
                0x00002298                vTaskSwitchContext
 .text.vTaskPlaceOnEventList
                0x0000233c       0x3c ./freertos/tasks.o
                0x0000233c                vTaskPlaceOnEventList
 .text.vTaskPlaceOnEventListRestricted
                0x00002378       0x4c ./freertos/tasks.o
                0x00002378                vTaskPlaceOnEventListRestricted
 .text.xTaskRemoveFromEventList
                0x000023c4       0xb8 ./freertos/tasks.o
                0x000023c4                xTaskRemoveFromEventList
 .text.vTaskSetTimeOutState
                0x0000247c       0x34 ./freertos/tasks.o
                0x0000247c                vTaskSetTimeOutState
 .text.xTaskCheckForTimeOut
                0x000024b0       0x9c ./freertos/tasks.o
                0x000024b0                xTaskCheckForTimeOut
 .text.vTaskMissedYield
                0x0000254c       0x14 ./freertos/tasks.o
                0x0000254c                vTaskMissedYield
 .text.prvIdleTask
                0x00002560       0x20 ./freertos/tasks.o
 .text.prvInitialiseTaskLists
                0x00002580       0x88 ./freertos/tasks.o
 .text.prvCheckTasksWaitingTermination
                0x00002608       0x74 ./freertos/tasks.o
 .text.prvResetNextTaskUnblockTime
                0x0000267c       0x48 ./freertos/tasks.o
 .text.xTaskGetSchedulerState
                0x000026c4       0x38 ./freertos/tasks.o
                0x000026c4                xTaskGetSchedulerState
 .text.vTaskPriorityInherit
                0x000026fc       0xbc ./freertos/tasks.o
                0x000026fc                vTaskPriorityInherit
 .text.xTaskPriorityDisinherit
                0x000027b8       0xb8 ./freertos/tasks.o
                0x000027b8                xTaskPriorityDisinherit
 .text.pvTaskIncrementMutexHeldCount
                0x00002870       0x24 ./freertos/tasks.o
                0x00002870                pvTaskIncrementMutexHeldCount
 .text.prvAddCurrentTaskToDelayedList
                0x00002894       0xa8 ./freertos/tasks.o
 .text.xTimerCreateTimerTask
                0x0000293c       0x54 ./freertos/timers.o
                0x0000293c                xTimerCreateTimerTask
 .text.xTimerGenericCommand
                0x00002990       0x94 ./freertos/timers.o
                0x00002990                xTimerGenericCommand
 .text.prvProcessExpiredTimer
                0x00002a24       0x70 ./freertos/timers.o
 .text.prvProcessTimerOrBlockTask
                0x00002a94       0x8c ./freertos/timers.o
 .text.prvGetNextExpireTime
                0x00002b20       0x40 ./freertos/timers.o
 .text.prvSampleTimeNow
                0x00002b60       0x40 ./freertos/timers.o
 .text.prvInsertTimerInActiveList
                0x00002ba0       0x84 ./freertos/timers.o
 .text.prvProcessReceivedCommands
                0x00002c24      0x124 ./freertos/timers.o
 .text.prvSwitchTimerLists
                0x00002d48       0xb4 ./freertos/timers.o
 .text.prvCheckForValidListAndQueue
                0x00002dfc       0x74 ./freertos/timers.o
 .text.CLOCK_EnableClock
                0x00002e70       0x34 ./drivers/fsl_adc16.o
 .text.ADC16_GetInstance
                0x00002ea4       0x48 ./drivers/fsl_adc16.o
 .text.ADC16_Init
                0x00002eec      0x114 ./drivers/fsl_adc16.o
                0x00002eec                ADC16_Init
 .text.ADC16_GetDefaultConfig
                0x00003000       0x58 ./drivers/fsl_adc16.o
                0x00003000                ADC16_GetDefaultConfig
 .text.ADC16_SetChannelConfig
                0x00003058       0x6c ./drivers/fsl_adc16.o
                0x00003058                ADC16_SetChannelConfig
 .text.ADC16_GetChannelStatusFlags
                0x000030c4       0x40 ./drivers/fsl_adc16.o
                0x000030c4                ADC16_GetChannelStatusFlags
 .text.CLOCK_SetEr32kClock
                0x00003104       0x34 ./drivers/fsl_clock.o
 .text.CLOCK_SetPllFllSelClock
                0x00003138       0x38 ./drivers/fsl_clock.o
 .text.CLOCK_GetMcgExtClkFreq
                0x00003170       0x28 ./drivers/fsl_clock.o
 .text.CLOCK_GetFllExtRefClkFreq
                0x00003198       0xa4 ./drivers/fsl_clock.o
 .text.CLOCK_GetFllRefClkFreq
                0x0000323c       0x2c ./drivers/fsl_clock.o
 .text.CLOCK_GetOscRangeFromFreq
                0x00003268       0x4c ./drivers/fsl_clock.o
 .text.CLOCK_GetPllFllSelClkFreq
                0x000032b4       0x4c ./drivers/fsl_clock.o
                0x000032b4                CLOCK_GetPllFllSelClkFreq
 .text.CLOCK_SetSimConfig
                0x00003300       0x38 ./drivers/fsl_clock.o
                0x00003300                CLOCK_SetSimConfig
 .text.CLOCK_GetFllFreq
                0x00003338       0x84 ./drivers/fsl_clock.o
                0x00003338                CLOCK_GetFllFreq
 .text.CLOCK_GetPll0Freq
                0x000033bc       0x70 ./drivers/fsl_clock.o
                0x000033bc                CLOCK_GetPll0Freq
 .text.CLOCK_SetInternalRefClkConfig
                0x0000342c      0x124 ./drivers/fsl_clock.o
                0x0000342c                CLOCK_SetInternalRefClkConfig
 .text.CLOCK_EnablePll0
                0x00003550       0x90 ./drivers/fsl_clock.o
                0x00003550                CLOCK_EnablePll0
 .text.CLOCK_InitOsc0
                0x000035e0       0x94 ./drivers/fsl_clock.o
                0x000035e0                CLOCK_InitOsc0
 .text.CLOCK_SetPbeMode
                0x00003674       0xb0 ./drivers/fsl_clock.o
                0x00003674                CLOCK_SetPbeMode
 .text.CLOCK_BootToPeeMode
                0x00003724       0x70 ./drivers/fsl_clock.o
                0x00003724                CLOCK_BootToPeeMode
 .text.__assertion_failed
                0x00003794       0x1c ./drivers/fsl_common.o
                0x00003794                __assertion_failed
 .text.CLOCK_EnableClock
                0x000037b0       0x34 ./drivers/fsl_dac.o
 .text.DAC_GetInstance
                0x000037e4       0x48 ./drivers/fsl_dac.o
 .text.DAC_Init
                0x0000382c       0x80 ./drivers/fsl_dac.o
                0x0000382c                DAC_Init
 .text.DAC_GetDefaultConfig
                0x000038ac       0x30 ./drivers/fsl_dac.o
                0x000038ac                DAC_GetDefaultConfig
 .text.DAC_SetBufferValue
                0x000038dc       0x64 ./drivers/fsl_dac.o
                0x000038dc                DAC_SetBufferValue
 .text.NVIC_EnableIRQ
                0x00003940       0x2c ./drivers/fsl_dma.o
 .text.CLOCK_EnableClock
                0x0000396c       0x34 ./drivers/fsl_dma.o
 .text.DMA_EnableInterrupts
                0x000039a0       0x4c ./drivers/fsl_dma.o
 .text.DMA_ClearChannelStatusFlags
                0x000039ec       0x54 ./drivers/fsl_dma.o
 .text.DMA_GetInstance
                0x00003a40       0x48 ./drivers/fsl_dma.o
 .text.DMA_Init
                0x00003a88       0x24 ./drivers/fsl_dma.o
                0x00003a88                DMA_Init
 .text.DMA_ResetChannel
                0x00003aac       0x90 ./drivers/fsl_dma.o
                0x00003aac                DMA_ResetChannel
 .text.DMA_SetTransferConfig
                0x00003b3c       0xdc ./drivers/fsl_dma.o
                0x00003b3c                DMA_SetTransferConfig
 .text.DMA_CreateHandle
                0x00003c18       0x90 ./drivers/fsl_dma.o
                0x00003c18                DMA_CreateHandle
 .text.DMA_PrepareTransfer
                0x00003ca8      0x130 ./drivers/fsl_dma.o
                0x00003ca8                DMA_PrepareTransfer
 .text.DMA_SetCallback
                0x00003dd8       0x34 ./drivers/fsl_dma.o
                0x00003dd8                DMA_SetCallback
 .text.DMA_SubmitTransfer
                0x00003e0c       0x9c ./drivers/fsl_dma.o
                0x00003e0c                DMA_SubmitTransfer
 .text.DMA_HandleIRQ
                0x00003ea8       0x4c ./drivers/fsl_dma.o
                0x00003ea8                DMA_HandleIRQ
 .text.DMA0_DriverIRQHandler
                0x00003ef4       0x18 ./drivers/fsl_dma.o
                0x00003ef4                DMA0_DriverIRQHandler
 .text.DMA1_DriverIRQHandler
                0x00003f0c       0x18 ./drivers/fsl_dma.o
                0x00003f0c                DMA1_DriverIRQHandler
 .text.DMA2_DriverIRQHandler
                0x00003f24       0x18 ./drivers/fsl_dma.o
                0x00003f24                DMA2_DriverIRQHandler
 .text.DMA3_DriverIRQHandler
                0x00003f3c       0x18 ./drivers/fsl_dma.o
                0x00003f3c                DMA3_DriverIRQHandler
 .text.CLOCK_EnableClock
                0x00003f54       0x34 ./drivers/fsl_dmamux.o
 .text.DMAMUX_GetInstance
                0x00003f88       0x48 ./drivers/fsl_dmamux.o
 .text.DMAMUX_Init
                0x00003fd0       0x24 ./drivers/fsl_dmamux.o
                0x00003fd0                DMAMUX_Init
 .text.CLOCK_EnableClock
                0x00003ff4       0x34 ./drivers/fsl_lpsci.o
 .text.LPSCI_GetInstance
                0x00004028       0x48 ./drivers/fsl_lpsci.o
                0x00004028                LPSCI_GetInstance
 .text.LPSCI_Init
                0x00004070      0x258 ./drivers/fsl_lpsci.o
                0x00004070                LPSCI_Init
 .text.LPSCI_GetDefaultConfig
                0x000042c8       0x44 ./drivers/fsl_lpsci.o
                0x000042c8                LPSCI_GetDefaultConfig
 .text.LPSCI_ClearStatusFlags
                0x0000430c       0x94 ./drivers/fsl_lpsci.o
                0x0000430c                LPSCI_ClearStatusFlags
 .text.LPSCI_WriteBlocking
                0x000043a0       0x4c ./drivers/fsl_lpsci.o
                0x000043a0                LPSCI_WriteBlocking
 .text.LPSCI_ReadBlocking
                0x000043ec       0xc0 ./drivers/fsl_lpsci.o
                0x000043ec                LPSCI_ReadBlocking
 .text.UART0_DriverIRQHandler
                0x000044ac       0x24 ./drivers/fsl_lpsci.o
                0x000044ac                UART0_DriverIRQHandler
 .text.CLOCK_EnableClock
                0x000044d0       0x34 ./drivers/fsl_uart.o
 .text.UART_GetInstance
                0x00004504       0x54 ./drivers/fsl_uart.o
                0x00004504                UART_GetInstance
 .text.UART_Init
                0x00004558      0x1e0 ./drivers/fsl_uart.o
                0x00004558                UART_Init
 .text.UART_GetDefaultConfig
                0x00004738       0x44 ./drivers/fsl_uart.o
                0x00004738                UART_GetDefaultConfig
 .text.UART_ReadBlocking
                0x0000477c       0x98 ./drivers/fsl_uart.o
                0x0000477c                UART_ReadBlocking
 .text.UART1_DriverIRQHandler
                0x00004814       0x24 ./drivers/fsl_uart.o
                0x00004814                UART1_DriverIRQHandler
 .text.UART2_DriverIRQHandler
                0x00004838       0x24 ./drivers/fsl_uart.o
                0x00004838                UART2_DriverIRQHandler
 .text.CLOCK_SetLpsci0Clock
                0x0000485c       0x38 ./board/board.o
 .text.BOARD_InitDebugConsole
                0x00004894       0x30 ./board/board.o
                0x00004894                BOARD_InitDebugConsole
 .text.CLOCK_SetSimSafeDivs
                0x000048c4       0x20 ./board/clock_config.o
 .text.CLOCK_SetXtal0Freq
                0x000048e4       0x1c ./board/clock_config.o
 .text.CLOCK_CONFIG_SetFllExtRefDiv
                0x00004900       0x3c ./board/clock_config.o
 .text.BOARD_BootClockRUN
                0x0000493c       0x64 ./board/clock_config.o
                0x0000493c                BOARD_BootClockRUN
 .text.CLOCK_EnableClock
                0x000049a0       0x34 ./board/pin_mux.o
 .text.PORT_SetPinMux
                0x000049d4       0x40 ./board/pin_mux.o
 .text.BOARD_InitPins
                0x00004a14       0xb8 ./board/pin_mux.o
                0x00004a14                BOARD_InitPins
 .text.SystemInit
                0x00004acc       0x18 ./CMSIS/system_MKL25Z4.o
                0x00004acc                SystemInit
 .text.sqrtf    0x00004ae4       0xb8 c:/nxp/mcuxpressoide_11.0.1_2563/ide/plugins/com.nxp.mcuxpresso.tools.win32_11.0.1.201907311258/tools/bin/../lib/gcc/arm-none-eabi/8.2.1/../../../../arm-none-eabi/lib/thumb/v6-m/nofp\libcr_c.a(sqrtf.o)
                0x00004ae4                sqrtf
 .text.malloc   0x00004b9c       0xcc c:/nxp/mcuxpressoide_11.0.1_2563/ide/plugins/com.nxp.mcuxpresso.tools.win32_11.0.1.201907311258/tools/bin/../lib/gcc/arm-none-eabi/8.2.1/../../../../arm-none-eabi/lib/thumb/v6-m/nofp\libcr_c.a(alloc.o)
                0x00004b9c                malloc
 .text._initio  0x00004c68       0x7c c:/nxp/mcuxpressoide_11.0.1_2563/ide/plugins/com.nxp.mcuxpresso.tools.win32_11.0.1.201907311258/tools/bin/../lib/gcc/arm-none-eabi/8.2.1/../../../../arm-none-eabi/lib/thumb/v6-m/nofp\libcr_c.a(initio.o)
                0x00004c68                _initio
 .text.modf     0x00004ce4       0x94 c:/nxp/mcuxpressoide_11.0.1_2563/ide/plugins/com.nxp.mcuxpresso.tools.win32_11.0.1.201907311258/tools/bin/../lib/gcc/arm-none-eabi/8.2.1/../../../../arm-none-eabi/lib/thumb/v6-m/nofp\libcr_c.a(modf.o)
                0x00004ce4                modf
 .text.pow      0x00004d78      0x548 c:/nxp/mcuxpressoide_11.0.1_2563/ide/plugins/com.nxp.mcuxpresso.tools.win32_11.0.1.201907311258/tools/bin/../lib/gcc/arm-none-eabi/8.2.1/../../../../arm-none-eabi/lib/thumb/v6-m/nofp\libcr_c.a(pow.o)
                0x00004d78                pow
 .text.setvbuf  0x000052c0       0x4c c:/nxp/mcuxpressoide_11.0.1_2563/ide/plugins/com.nxp.mcuxpresso.tools.win32_11.0.1.201907311258/tools/bin/../lib/gcc/arm-none-eabi/8.2.1/../../../../arm-none-eabi/lib/thumb/v6-m/nofp\libcr_c.a(setvbuf.o)
                0x000052c0                setvbuf
 .text.strlen   0x0000530c       0x58 c:/nxp/mcuxpressoide_11.0.1_2563/ide/plugins/com.nxp.mcuxpresso.tools.win32_11.0.1.201907311258/tools/bin/../lib/gcc/arm-none-eabi/8.2.1/../../../../arm-none-eabi/lib/thumb/v6-m/nofp\libcr_c.a(strlen.o)
                0x0000530c                strlen
 .text._sbrk    0x00005364       0x40 c:/nxp/mcuxpressoide_11.0.1_2563/ide/plugins/com.nxp.mcuxpresso.tools.win32_11.0.1.201907311258/tools/bin/../lib/gcc/arm-none-eabi/8.2.1/../../../../arm-none-eabi/lib/thumb/v6-m/nofp\libcr_c.a(_cr_sbrk.o)
                0x00005364                _sbrk
 .text._fdopen  0x000053a4       0x74 c:/nxp/mcuxpressoide_11.0.1_2563/ide/plugins/com.nxp.mcuxpresso.tools.win32_11.0.1.201907311258/tools/bin/../lib/gcc/arm-none-eabi/8.2.1/../../../../arm-none-eabi/lib/thumb/v6-m/nofp\libcr_c.a(_fdopen.o)
                0x000053a4                _fdopen
 .text._sincos  0x00005418      0x1dc c:/nxp/mcuxpressoide_11.0.1_2563/ide/plugins/com.nxp.mcuxpresso.tools.win32_11.0.1.201907311258/tools/bin/../lib/gcc/arm-none-eabi/8.2.1/../../../../arm-none-eabi/lib/thumb/v6-m/nofp\libcr_c.a(_sincos.o)
                0x00005418                _sincos
 .text.fclose   0x000055f4       0x5c c:/nxp/mcuxpressoide_11.0.1_2563/ide/plugins/com.nxp.mcuxpresso.tools.win32_11.0.1.201907311258/tools/bin/../lib/gcc/arm-none-eabi/8.2.1/../../../../arm-none-eabi/lib/thumb/v6-m/nofp\libcr_c.a(fclose.o)
                0x000055f4                fclose
 .text.fflush   0x00005650       0x44 c:/nxp/mcuxpressoide_11.0.1_2563/ide/plugins/com.nxp.mcuxpresso.tools.win32_11.0.1.201907311258/tools/bin/../lib/gcc/arm-none-eabi/8.2.1/../../../../arm-none-eabi/lib/thumb/v6-m/nofp\libcr_c.a(fflush.o)
                0x00005650                fflush
 .text.frexp    0x00005694       0x80 c:/nxp/mcuxpressoide_11.0.1_2563/ide/plugins/com.nxp.mcuxpresso.tools.win32_11.0.1.201907311258/tools/bin/../lib/gcc/arm-none-eabi/8.2.1/../../../../arm-none-eabi/lib/thumb/v6-m/nofp\libcr_c.a(frexp.o)
                0x00005694                frexp
 .text.fseek    0x00005714       0xf0 c:/nxp/mcuxpressoide_11.0.1_2563/ide/plugins/com.nxp.mcuxpresso.tools.win32_11.0.1.201907311258/tools/bin/../lib/gcc/arm-none-eabi/8.2.1/../../../../arm-none-eabi/lib/thumb/v6-m/nofp\libcr_c.a(fseek.o)
                0x00005714                fseek
 .text.ftell    0x00005804       0x48 c:/nxp/mcuxpressoide_11.0.1_2563/ide/plugins/com.nxp.mcuxpresso.tools.win32_11.0.1.201907311258/tools/bin/../lib/gcc/arm-none-eabi/8.2.1/../../../../arm-none-eabi/lib/thumb/v6-m/nofp\libcr_c.a(ftell.o)
                0x00005804                ftell
 .text.ldexp    0x0000584c       0x58 c:/nxp/mcuxpressoide_11.0.1_2563/ide/plugins/com.nxp.mcuxpresso.tools.win32_11.0.1.201907311258/tools/bin/../lib/gcc/arm-none-eabi/8.2.1/../../../../arm-none-eabi/lib/thumb/v6-m/nofp\libcr_c.a(ldexp.o)
                0x0000584c                ldexp
 .text.__check_heap_overflow
                0x000058a4       0x14 c:/nxp/mcuxpressoide_11.0.1_2563/ide/plugins/com.nxp.mcuxpresso.tools.win32_11.0.1.201907311258/tools/bin/../lib/gcc/arm-none-eabi/8.2.1/../../../../arm-none-eabi/lib/thumb/v6-m/nofp\libcr_c.a(_cr_check_heap.o)
                0x000058a4                __check_heap_overflow
 .text._do_fflush
                0x000058b8       0x44 c:/nxp/mcuxpressoide_11.0.1_2563/ide/plugins/com.nxp.mcuxpresso.tools.win32_11.0.1.201907311258/tools/bin/../lib/gcc/arm-none-eabi/8.2.1/../../../../arm-none-eabi/lib/thumb/v6-m/nofp\libcr_c.a(_do_fflush.o)
                0x000058b8                _do_fflush
 .text._fflush  0x000058fc       0x5c c:/nxp/mcuxpressoide_11.0.1_2563/ide/plugins/com.nxp.mcuxpresso.tools.win32_11.0.1.201907311258/tools/bin/../lib/gcc/arm-none-eabi/8.2.1/../../../../arm-none-eabi/lib/thumb/v6-m/nofp\libcr_c.a(_fflush.o)
                0x000058fc                _fflush
 .text._Cwritebuf
                0x00005958       0x68 c:/nxp/mcuxpressoide_11.0.1_2563/ide/plugins/com.nxp.mcuxpresso.tools.win32_11.0.1.201907311258/tools/bin/../lib/gcc/arm-none-eabi/8.2.1/../../../../arm-none-eabi/lib/thumb/v6-m/nofp\libcr_c.a(_writebuf.o)
                0x00005958                _Cwritebuf
 .text._deferredlazyseek
                0x000059c0       0x40 c:/nxp/mcuxpressoide_11.0.1_2563/ide/plugins/com.nxp.mcuxpresso.tools.win32_11.0.1.201907311258/tools/bin/../lib/gcc/arm-none-eabi/8.2.1/../../../../arm-none-eabi/lib/thumb/v6-m/nofp\libcr_c.a(_deferredlazyseek.o)
                0x000059c0                _deferredlazyseek
 .text.__aeabi_dmul
                0x00005a00      0x188 c:/nxp/mcuxpressoide_11.0.1_2563/ide/plugins/com.nxp.mcuxpresso.tools.win32_11.0.1.201907311258/tools/bin/../lib/gcc/arm-none-eabi/8.2.1/thumb/v6-m/nofp\libcr_eabihelpers.a(double.o)
                0x00005a00                __aeabi_dmul
 .text.__aeabi_ddiv
                0x00005b88      0x148 c:/nxp/mcuxpressoide_11.0.1_2563/ide/plugins/com.nxp.mcuxpresso.tools.win32_11.0.1.201907311258/tools/bin/../lib/gcc/arm-none-eabi/8.2.1/thumb/v6-m/nofp\libcr_eabihelpers.a(double.o)
                0x00005b88                __aeabi_ddiv
 .text.__aeabi_dsub
                0x00005cd0      0x1c4 c:/nxp/mcuxpressoide_11.0.1_2563/ide/plugins/com.nxp.mcuxpresso.tools.win32_11.0.1.201907311258/tools/bin/../lib/gcc/arm-none-eabi/8.2.1/thumb/v6-m/nofp\libcr_eabihelpers.a(double.o)
                0x00005cd0                __aeabi_dsub
 .text.__aeabi_dadd
                0x00005e94      0x12c c:/nxp/mcuxpressoide_11.0.1_2563/ide/plugins/com.nxp.mcuxpresso.tools.win32_11.0.1.201907311258/tools/bin/../lib/gcc/arm-none-eabi/8.2.1/thumb/v6-m/nofp\libcr_eabihelpers.a(double.o)
                0x00005e94                __aeabi_dadd
 .text.__aeabi_d2f
                0x00005fc0       0x60 c:/nxp/mcuxpressoide_11.0.1_2563/ide/plugins/com.nxp.mcuxpresso.tools.win32_11.0.1.201907311258/tools/bin/../lib/gcc/arm-none-eabi/8.2.1/thumb/v6-m/nofp\libcr_eabihelpers.a(double.o)
                0x00005fc0                __aeabi_d2f
 .text.__aeabi_d2iz
                0x00006020       0x4c c:/nxp/mcuxpressoide_11.0.1_2563/ide/plugins/com.nxp.mcuxpresso.tools.win32_11.0.1.201907311258/tools/bin/../lib/gcc/arm-none-eabi/8.2.1/thumb/v6-m/nofp\libcr_eabihelpers.a(double.o)
                0x00006020                __aeabi_d2iz
 .text.__aeabi_d2lz
                0x0000606c       0x80 c:/nxp/mcuxpressoide_11.0.1_2563/ide/plugins/com.nxp.mcuxpresso.tools.win32_11.0.1.201907311258/tools/bin/../lib/gcc/arm-none-eabi/8.2.1/thumb/v6-m/nofp\libcr_eabihelpers.a(double.o)
                0x0000606c                __aeabi_d2lz
 .text.__aeabi_d2ulz
                0x000060ec       0x58 c:/nxp/mcuxpressoide_11.0.1_2563/ide/plugins/com.nxp.mcuxpresso.tools.win32_11.0.1.201907311258/tools/bin/../lib/gcc/arm-none-eabi/8.2.1/thumb/v6-m/nofp\libcr_eabihelpers.a(double.o)
                0x000060ec                __aeabi_d2ulz
 .text.__bhs_ul2d
                0x00006144       0xb4 c:/nxp/mcuxpressoide_11.0.1_2563/ide/plugins/com.nxp.mcuxpresso.tools.win32_11.0.1.201907311258/tools/bin/../lib/gcc/arm-none-eabi/8.2.1/thumb/v6-m/nofp\libcr_eabihelpers.a(double.o)
                0x00006144                __bhs_ul2d
 .text.__aeabi_dcmpeq
                0x000061f8       0x30 c:/nxp/mcuxpressoide_11.0.1_2563/ide/plugins/com.nxp.mcuxpresso.tools.win32_11.0.1.201907311258/tools/bin/../lib/gcc/arm-none-eabi/8.2.1/thumb/v6-m/nofp\libcr_eabihelpers.a(double.o)
                0x000061f8                __aeabi_dcmpeq
 .text.__aeabi_dcmplt
                0x00006228       0x60 c:/nxp/mcuxpressoide_11.0.1_2563/ide/plugins/com.nxp.mcuxpresso.tools.win32_11.0.1.201907311258/tools/bin/../lib/gcc/arm-none-eabi/8.2.1/thumb/v6-m/nofp\libcr_eabihelpers.a(double.o)
                0x00006228                __aeabi_dcmplt
 .text.__aeabi_dcmpgt
                0x00006288       0x58 c:/nxp/mcuxpressoide_11.0.1_2563/ide/plugins/com.nxp.mcuxpresso.tools.win32_11.0.1.201907311258/tools/bin/../lib/gcc/arm-none-eabi/8.2.1/thumb/v6-m/nofp\libcr_eabihelpers.a(double.o)
                0x00006288                __aeabi_dcmpgt
 .text.__aeabi_dcmple
                0x000062e0       0x58 c:/nxp/mcuxpressoide_11.0.1_2563/ide/plugins/com.nxp.mcuxpresso.tools.win32_11.0.1.201907311258/tools/bin/../lib/gcc/arm-none-eabi/8.2.1/thumb/v6-m/nofp\libcr_eabihelpers.a(double.o)
                0x000062e0                __aeabi_dcmple
 .text.__aeabi_dcmpge
                0x00006338       0x60 c:/nxp/mcuxpressoide_11.0.1_2563/ide/plugins/com.nxp.mcuxpresso.tools.win32_11.0.1.201907311258/tools/bin/../lib/gcc/arm-none-eabi/8.2.1/thumb/v6-m/nofp\libcr_eabihelpers.a(double.o)
                0x00006338                __aeabi_dcmpge
 .text.__aeabi_fmul
                0x00006398       0xc4 c:/nxp/mcuxpressoide_11.0.1_2563/ide/plugins/com.nxp.mcuxpresso.tools.win32_11.0.1.201907311258/tools/bin/../lib/gcc/arm-none-eabi/8.2.1/thumb/v6-m/nofp\libcr_eabihelpers.a(float.o)
                0x00006398                __aeabi_fmul
 .text.__aeabi_fdiv
                0x0000645c       0xdc c:/nxp/mcuxpressoide_11.0.1_2563/ide/plugins/com.nxp.mcuxpresso.tools.win32_11.0.1.201907311258/tools/bin/../lib/gcc/arm-none-eabi/8.2.1/thumb/v6-m/nofp\libcr_eabihelpers.a(float.o)
                0x0000645c                __aeabi_fdiv
 .text.__aeabi_fsub
                0x00006538      0x128 c:/nxp/mcuxpressoide_11.0.1_2563/ide/plugins/com.nxp.mcuxpresso.tools.win32_11.0.1.201907311258/tools/bin/../lib/gcc/arm-none-eabi/8.2.1/thumb/v6-m/nofp\libcr_eabihelpers.a(float.o)
                0x00006538                __aeabi_fsub
 .text.__aeabi_fadd
                0x00006660       0xac c:/nxp/mcuxpressoide_11.0.1_2563/ide/plugins/com.nxp.mcuxpresso.tools.win32_11.0.1.201907311258/tools/bin/../lib/gcc/arm-none-eabi/8.2.1/thumb/v6-m/nofp\libcr_eabihelpers.a(float.o)
                0x00006660                __aeabi_fadd
 .text.__aeabi_f2d
                0x0000670c       0x3c c:/nxp/mcuxpressoide_11.0.1_2563/ide/plugins/com.nxp.mcuxpresso.tools.win32_11.0.1.201907311258/tools/bin/../lib/gcc/arm-none-eabi/8.2.1/thumb/v6-m/nofp\libcr_eabihelpers.a(float.o)
                0x0000670c                __aeabi_f2d
 .text.UART_EnableTx
                0x00006748       0x40 ./utilities/fsl_debug_console.o
 .text.UART_EnableRx
                0x00006788       0x40 ./utilities/fsl_debug_console.o
 .text.LPSCI_EnableTx
                0x000067c8       0x40 ./utilities/fsl_debug_console.o
 .text.LPSCI_EnableRx
                0x00006808       0x40 ./utilities/fsl_debug_console.o
 .text.DbgConsole_PrintfPaddingCharacter
                0x00006848       0x46 ./utilities/fsl_debug_console.o
 .text.DbgConsole_ConvertRadixNumToString
                0x0000688e      0x114 ./utilities/fsl_debug_console.o
 .text.DbgConsole_PrintfFormattedData
                0x000069a2      0x374 ./utilities/fsl_debug_console.o
 .text.initCircBuffer
                0x00006d16       0x54 ./source/circularbuffer.o
                0x00006d16                initCircBuffer
 .text.buffIsFull
                0x00006d6a       0x34 ./source/circularbuffer.o
                0x00006d6a                buffIsFull
 .text.buffIsPointerValid
                0x00006d9e       0x28 ./source/circularbuffer.o
                0x00006d9e                buffIsPointerValid
 .text.DAC_Enable
                0x00006dc6       0x4a ./source/dac.o
 .text.GPIO_WritePinOutput
                0x00006e10       0x34 ./source/led_control.o
 .text.GPIO_SetPinsOutput
                0x00006e44       0x18 ./source/led_control.o
 .text.GPIO_ClearPinsOutput
                0x00006e5c       0x18 ./source/led_control.o
 .text.vListInitialise
                0x00006e74       0x3c ./freertos/list.o
                0x00006e74                vListInitialise
 .text.vListInitialiseItem
                0x00006eb0       0x16 ./freertos/list.o
                0x00006eb0                vListInitialiseItem
 .text.vListInsertEnd
                0x00006ec6       0x44 ./freertos/list.o
                0x00006ec6                vListInsertEnd
 .text.vListInsert
                0x00006f0a       0x6c ./freertos/list.o
                0x00006f0a                vListInsert
 .text.uxListRemove
                0x00006f76       0x50 ./freertos/list.o
                0x00006f76                uxListRemove
 .text.SVC_Handler
                0x00006fc6        0xa ./freertos/port.o
                0x00006fc6                SVC_Handler
 .text.ulSetInterruptMaskFromISR
                0x00006fd0        0xc ./freertos/port.o
                0x00006fd0                ulSetInterruptMaskFromISR
 .text.vClearInterruptMaskFromISR
                0x00006fdc        0x8 ./freertos/port.o
                0x00006fdc                vClearInterruptMaskFromISR
 .text.xQueueGenericReset
                0x00006fe4       0xa8 ./freertos/queue.o
                0x00006fe4                xQueueGenericReset
 .text.xQueueGenericCreate
                0x0000708c       0x64 ./freertos/queue.o
                0x0000708c                xQueueGenericCreate
 .text.prvInitialiseNewQueue
                0x000070f0       0x4e ./freertos/queue.o
 .text.prvInitialiseMutex
                0x0000713e       0x34 ./freertos/queue.o
 .text.xQueueCreateMutex
                0x00007172       0x38 ./freertos/queue.o
                0x00007172                xQueueCreateMutex
 .text.xQueueGenericSend
                0x000071aa      0x188 ./freertos/queue.o
                0x000071aa                xQueueGenericSend
 .text.xQueueGenericSendFromISR
                0x00007332       0xe2 ./freertos/queue.o
                0x00007332                xQueueGenericSendFromISR
 .text.xQueueGenericReceive
                0x00007414      0x1c8 ./freertos/queue.o
                0x00007414                xQueueGenericReceive
 .text.uxQueueMessagesWaiting
                0x000075dc       0x2a ./freertos/queue.o
                0x000075dc                uxQueueMessagesWaiting
 .text.prvCopyDataToQueue
                0x00007606       0xd6 ./freertos/queue.o
 .text.prvCopyDataFromQueue
                0x000076dc       0x4c ./freertos/queue.o
 .text.prvUnlockQueue
                0x00007728       0xbc ./freertos/queue.o
 .text.prvIsQueueEmpty
                0x000077e4       0x2c ./freertos/queue.o
 .text.prvIsQueueFull
                0x00007810       0x30 ./freertos/queue.o
 .text.vQueueWaitForMessageRestricted
                0x00007840       0x66 ./freertos/queue.o
                0x00007840                vQueueWaitForMessageRestricted
 .text.xTaskCreate
                0x000078a6       0x90 ./freertos/tasks.o
                0x000078a6                xTaskCreate
 .text.prvDeleteTCB
                0x00007936       0x22 ./freertos/tasks.o
 .text.xTimerCreate
                0x00007958       0x3e ./freertos/timers.o
                0x00007958                xTimerCreate
 .text.prvInitialiseNewTimer
                0x00007996       0x52 ./freertos/timers.o
 .text.prvTimerTask
                0x000079e8       0x28 ./freertos/timers.o
 .text.ADC16_DoAutoCalibration
                0x00007a10      0x118 ./drivers/fsl_adc16.o
                0x00007a10                ADC16_DoAutoCalibration
 .text.ADC16_GetStatusFlags
                0x00007b28       0x3a ./drivers/fsl_adc16.o
                0x00007b28                ADC16_GetStatusFlags
 .text.OSC_SetExtRefClkConfig
                0x00007b62       0x3e ./drivers/fsl_clock.o
 .text.OSC_SetCapLoad
                0x00007ba0       0x42 ./drivers/fsl_clock.o
 .text.CLOCK_GetPll0RefFreq
                0x00007be2       0x10 ./drivers/fsl_clock.o
 .text.CLOCK_SetExternalRefClkConfig
                0x00007bf2       0x16 ./drivers/fsl_clock.o
                0x00007bf2                CLOCK_SetExternalRefClkConfig
 .text.EnableIRQ
                0x00007c08       0x2c ./drivers/fsl_dma.o
 .text.LPSCI_GetStatusFlags
                0x00007c34       0x26 ./drivers/fsl_lpsci.o
                0x00007c34                LPSCI_GetStatusFlags
 .text.UART_GetStatusFlags
                0x00007c5a       0x26 ./drivers/fsl_uart.o
                0x00007c5a                UART_GetStatusFlags
 .text.UART_WriteBlocking
                0x00007c80       0x3a ./drivers/fsl_uart.o
                0x00007c80                UART_WriteBlocking
 .text.BOARD_InitBootClocks
                0x00007cba        0xe ./board/clock_config.o
                0x00007cba                BOARD_InitBootClocks
 .text.BOARD_InitBootPeripherals
                0x00007cc8        0xa ./board/peripherals.o
                0x00007cc8                BOARD_InitBootPeripherals
 .text.BOARD_InitBootPins
                0x00007cd2        0xe ./board/pin_mux.o
                0x00007cd2                BOARD_InitBootPins
 .text.__main   0x00007ce0        0xc c:/nxp/mcuxpressoide_11.0.1_2563/ide/plugins/com.nxp.mcuxpresso.tools.win32_11.0.1.201907311258/tools/bin/../lib/gcc/arm-none-eabi/8.2.1/../../../../arm-none-eabi/lib/thumb/v6-m/nofp\libcr_nohost_nf.a(_cr__main.o)
                0x00007ce0                __main
 .text.memcpy   0x00007cec        0x8 c:/nxp/mcuxpressoide_11.0.1_2563/ide/plugins/com.nxp.mcuxpresso.tools.win32_11.0.1.201907311258/tools/bin/../lib/gcc/arm-none-eabi/8.2.1/../../../../arm-none-eabi/lib/thumb/v6-m/nofp\libcr_c.a(memcpy.o)
                0x00007cec                memcpy
 .text.memset   0x00007cf4        0x8 c:/nxp/mcuxpressoide_11.0.1_2563/ide/plugins/com.nxp.mcuxpresso.tools.win32_11.0.1.201907311258/tools/bin/../lib/gcc/arm-none-eabi/8.2.1/../../../../arm-none-eabi/lib/thumb/v6-m/nofp\libcr_c.a(memset.o)
                0x00007cf4                memset
 .text.free     0x00007cfc       0x2c c:/nxp/mcuxpressoide_11.0.1_2563/ide/plugins/com.nxp.mcuxpresso.tools.win32_11.0.1.201907311258/tools/bin/../lib/gcc/arm-none-eabi/8.2.1/../../../../arm-none-eabi/lib/thumb/v6-m/nofp\libcr_c.a(alloc.o)
                0x00007cfc                free
 .text.sin      0x00007d28       0x36 c:/nxp/mcuxpressoide_11.0.1_2563/ide/plugins/com.nxp.mcuxpresso.tools.win32_11.0.1.201907311258/tools/bin/../lib/gcc/arm-none-eabi/8.2.1/../../../../arm-none-eabi/lib/thumb/v6-m/nofp\libcr_c.a(sin.o)
                0x00007d28                sin
 .text.fabs     0x00007d5e       0x22 c:/nxp/mcuxpressoide_11.0.1_2563/ide/plugins/com.nxp.mcuxpresso.tools.win32_11.0.1.201907311258/tools/bin/../lib/gcc/arm-none-eabi/8.2.1/../../../../arm-none-eabi/lib/thumb/v6-m/nofp\libcr_c.a(fabs.o)
                0x00007d5e                fabs
 .text.remove   0x00007d80       0x12 c:/nxp/mcuxpressoide_11.0.1_2563/ide/plugins/com.nxp.mcuxpresso.tools.win32_11.0.1.201907311258/tools/bin/../lib/gcc/arm-none-eabi/8.2.1/../../../../arm-none-eabi/lib/thumb/v6-m/nofp\libcr_c.a(remove.o)
                0x00007d80                remove
 .text.__aeabi_division_idivmod
                0x00007d92       0x78 c:/nxp/mcuxpressoide_11.0.1_2563/ide/plugins/com.nxp.mcuxpresso.tools.win32_11.0.1.201907311258/tools/bin/../lib/gcc/arm-none-eabi/8.2.1/thumb/v6-m/nofp\libcr_eabihelpers.a(division_32.o)
                0x00007d92                __aeabi_idivmod
                0x00007d92                __aeabi_idiv
                0x00007d98                __aeabi_uidivmod
                0x00007d98                __aeabi_uidiv
 .text.__aeabi_division_idiv0
                0x00007e0a        0x2 c:/nxp/mcuxpressoide_11.0.1_2563/ide/plugins/com.nxp.mcuxpresso.tools.win32_11.0.1.201907311258/tools/bin/../lib/gcc/arm-none-eabi/8.2.1/thumb/v6-m/nofp\libcr_eabihelpers.a(division_idiv0.o)
                0x00007e0a                __aeabi_idiv0
 .text.__bhs_ui2d
                0x00007e0c       0x5e c:/nxp/mcuxpressoide_11.0.1_2563/ide/plugins/com.nxp.mcuxpresso.tools.win32_11.0.1.201907311258/tools/bin/../lib/gcc/arm-none-eabi/8.2.1/thumb/v6-m/nofp\libcr_eabihelpers.a(double.o)
                0x00007e0c                __bhs_ui2d
 .text.__aeabi_i2d
                0x00007e6a       0x18 c:/nxp/mcuxpressoide_11.0.1_2563/ide/plugins/com.nxp.mcuxpresso.tools.win32_11.0.1.201907311258/tools/bin/../lib/gcc/arm-none-eabi/8.2.1/thumb/v6-m/nofp\libcr_eabihelpers.a(double.o)
                0x00007e6a                __aeabi_i2d
 .text.__aeabi_ui2d
                0x00007e82        0xc c:/nxp/mcuxpressoide_11.0.1_2563/ide/plugins/com.nxp.mcuxpresso.tools.win32_11.0.1.201907311258/tools/bin/../lib/gcc/arm-none-eabi/8.2.1/thumb/v6-m/nofp\libcr_eabihelpers.a(double.o)
                0x00007e82                __aeabi_ui2d
 .text.__aeabi_l2d
                0x00007e8e       0x22 c:/nxp/mcuxpressoide_11.0.1_2563/ide/plugins/com.nxp.mcuxpresso.tools.win32_11.0.1.201907311258/tools/bin/../lib/gcc/arm-none-eabi/8.2.1/thumb/v6-m/nofp\libcr_eabihelpers.a(double.o)
                0x00007e8e                __aeabi_l2d
 .text.__aeabi_ul2d
                0x00007eb0        0xc c:/nxp/mcuxpressoide_11.0.1_2563/ide/plugins/com.nxp.mcuxpresso.tools.win32_11.0.1.201907311258/tools/bin/../lib/gcc/arm-none-eabi/8.2.1/thumb/v6-m/nofp\libcr_eabihelpers.a(double.o)
                0x00007eb0                __aeabi_ul2d
 .text.__aeabi_f2uiz
                0x00007ebc       0x2a c:/nxp/mcuxpressoide_11.0.1_2563/ide/plugins/com.nxp.mcuxpresso.tools.win32_11.0.1.201907311258/tools/bin/../lib/gcc/arm-none-eabi/8.2.1/thumb/v6-m/nofp\libcr_eabihelpers.a(float.o)
                0x00007ebc                __aeabi_f2uiz
 .text.__bhs_ui2f
                0x00007ee6       0x62 c:/nxp/mcuxpressoide_11.0.1_2563/ide/plugins/com.nxp.mcuxpresso.tools.win32_11.0.1.201907311258/tools/bin/../lib/gcc/arm-none-eabi/8.2.1/thumb/v6-m/nofp\libcr_eabihelpers.a(float.o)
                0x00007ee6                __bhs_ui2f
 .text.__bhs_ul2f
                0x00007f48       0x80 c:/nxp/mcuxpressoide_11.0.1_2563/ide/plugins/com.nxp.mcuxpresso.tools.win32_11.0.1.201907311258/tools/bin/../lib/gcc/arm-none-eabi/8.2.1/thumb/v6-m/nofp\libcr_eabihelpers.a(float.o)
                0x00007f48                __bhs_ul2f
 .text.__aeabi_i2f
                0x00007fc8       0x18 c:/nxp/mcuxpressoide_11.0.1_2563/ide/plugins/com.nxp.mcuxpresso.tools.win32_11.0.1.201907311258/tools/bin/../lib/gcc/arm-none-eabi/8.2.1/thumb/v6-m/nofp\libcr_eabihelpers.a(float.o)
                0x00007fc8                __aeabi_i2f
 .text.__aeabi_ui2f
                0x00007fe0        0xc c:/nxp/mcuxpressoide_11.0.1_2563/ide/plugins/com.nxp.mcuxpresso.tools.win32_11.0.1.201907311258/tools/bin/../lib/gcc/arm-none-eabi/8.2.1/thumb/v6-m/nofp\libcr_eabihelpers.a(float.o)
                0x00007fe0                __aeabi_ui2f
 .text.__aeabi_ul2f
                0x00007fec        0xc c:/nxp/mcuxpressoide_11.0.1_2563/ide/plugins/com.nxp.mcuxpresso.tools.win32_11.0.1.201907311258/tools/bin/../lib/gcc/arm-none-eabi/8.2.1/thumb/v6-m/nofp\libcr_eabihelpers.a(float.o)
                0x00007fec                __aeabi_ul2f
 .text.__aeabi_fcmplt
                0x00007ff8       0x44 c:/nxp/mcuxpressoide_11.0.1_2563/ide/plugins/com.nxp.mcuxpresso.tools.win32_11.0.1.201907311258/tools/bin/../lib/gcc/arm-none-eabi/8.2.1/thumb/v6-m/nofp\libcr_eabihelpers.a(float.o)
                0x00007ff8                __aeabi_fcmplt
 .text.__aeabi_fcmple
                0x0000803c       0x44 c:/nxp/mcuxpressoide_11.0.1_2563/ide/plugins/com.nxp.mcuxpresso.tools.win32_11.0.1.201907311258/tools/bin/../lib/gcc/arm-none-eabi/8.2.1/thumb/v6-m/nofp\libcr_eabihelpers.a(float.o)
                0x0000803c                __aeabi_fcmple
 .text.__aeabi_llong_lmul
                0x00008080       0x2e c:/nxp/mcuxpressoide_11.0.1_2563/ide/plugins/com.nxp.mcuxpresso.tools.win32_11.0.1.201907311258/tools/bin/../lib/gcc/arm-none-eabi/8.2.1/thumb/v6-m/nofp\libcr_eabihelpers.a(llong.o)
                0x00008080                __aeabi_lmul
 .text.__aeabi_memcpy
                0x000080ae       0x2c c:/nxp/mcuxpressoide_11.0.1_2563/ide/plugins/com.nxp.mcuxpresso.tools.win32_11.0.1.201907311258/tools/bin/../lib/gcc/arm-none-eabi/8.2.1/thumb/v6-m/nofp\libcr_eabihelpers.a(memcpy.o)
                0x000080ae                __aeabi_memcpy4
                0x000080ae                __aeabi_memcpy8
                0x000080ae                __aeabi_memcpy
 .text.__aeabi_memset_lowlevel
                0x000080da       0x2a c:/nxp/mcuxpressoide_11.0.1_2563/ide/plugins/com.nxp.mcuxpresso.tools.win32_11.0.1.201907311258/tools/bin/../lib/gcc/arm-none-eabi/8.2.1/thumb/v6-m/nofp\libcr_eabihelpers.a(memcpy.o)
                0x000080da                __aeabi_lowlevel_memset
 .text.__sys_close
                0x00008104        0x6 c:/nxp/mcuxpressoide_11.0.1_2563/ide/plugins/com.nxp.mcuxpresso.tools.win32_11.0.1.201907311258/tools/bin/../lib/gcc/arm-none-eabi/8.2.1/../../../../arm-none-eabi/lib/thumb/v6-m/nofp\libcr_nohost_nf.a(__sys_close.o)
                0x00008104                __sys_close
 .text.__sys_flen
                0x0000810a        0x6 c:/nxp/mcuxpressoide_11.0.1_2563/ide/plugins/com.nxp.mcuxpresso.tools.win32_11.0.1.201907311258/tools/bin/../lib/gcc/arm-none-eabi/8.2.1/../../../../arm-none-eabi/lib/thumb/v6-m/nofp\libcr_nohost_nf.a(__sys_flen.o)
                0x0000810a                __sys_flen
 .text.__sys_istty
                0x00008110        0x6 c:/nxp/mcuxpressoide_11.0.1_2563/ide/plugins/com.nxp.mcuxpresso.tools.win32_11.0.1.201907311258/tools/bin/../lib/gcc/arm-none-eabi/8.2.1/../../../../arm-none-eabi/lib/thumb/v6-m/nofp\libcr_nohost_nf.a(__sys_istty.o)
                0x00008110                __sys_istty
 .text.__sys_remove
                0x00008116        0x6 c:/nxp/mcuxpressoide_11.0.1_2563/ide/plugins/com.nxp.mcuxpresso.tools.win32_11.0.1.201907311258/tools/bin/../lib/gcc/arm-none-eabi/8.2.1/../../../../arm-none-eabi/lib/thumb/v6-m/nofp\libcr_nohost_nf.a(__sys_remove.o)
                0x00008116                __sys_remove
 .text.__sys_seek
                0x0000811c        0x6 c:/nxp/mcuxpressoide_11.0.1_2563/ide/plugins/com.nxp.mcuxpresso.tools.win32_11.0.1.201907311258/tools/bin/../lib/gcc/arm-none-eabi/8.2.1/../../../../arm-none-eabi/lib/thumb/v6-m/nofp\libcr_nohost_nf.a(__sys_seek.o)
                0x0000811c                __sys_seek
 .text.__sys_tmpnam
                0x00008122        0x6 c:/nxp/mcuxpressoide_11.0.1_2563/ide/plugins/com.nxp.mcuxpresso.tools.win32_11.0.1.201907311258/tools/bin/../lib/gcc/arm-none-eabi/8.2.1/../../../../arm-none-eabi/lib/thumb/v6-m/nofp\libcr_nohost_nf.a(__sys_tmpnam.o)
                0x00008122                __sys_tmpnam
 .text.__sys_write
                0x00008128        0x4 c:/nxp/mcuxpressoide_11.0.1_2563/ide/plugins/com.nxp.mcuxpresso.tools.win32_11.0.1.201907311258/tools/bin/../lib/gcc/arm-none-eabi/8.2.1/../../../../arm-none-eabi/lib/thumb/v6-m/nofp\libcr_nohost_nf.a(__sys_write.o)
                0x00008128                __sys_write
 *(SORT_BY_ALIGNMENT(.rodata) SORT_BY_ALIGNMENT(.rodata.*) SORT_BY_ALIGNMENT(.constdata) SORT_BY_ALIGNMENT(.constdata.*))
 *fill*         0x0000812c        0x4 ff
 .rodata.a1.3979
                0x00008130       0x88 c:/nxp/mcuxpressoide_11.0.1_2563/ide/plugins/com.nxp.mcuxpresso.tools.win32_11.0.1.201907311258/tools/bin/../lib/gcc/arm-none-eabi/8.2.1/../../../../arm-none-eabi/lib/thumb/v6-m/nofp\libcr_c.a(pow.o)
 .rodata.a2.3980
                0x000081b8       0x40 c:/nxp/mcuxpressoide_11.0.1_2563/ide/plugins/com.nxp.mcuxpresso.tools.win32_11.0.1.201907311258/tools/bin/../lib/gcc/arm-none-eabi/8.2.1/../../../../arm-none-eabi/lib/thumb/v6-m/nofp\libcr_c.a(pow.o)
 .rodata        0x000081f8       0x4a ./source/adc.o
 *fill*         0x00008242        0x2 ff
 .rodata        0x00008244       0x64 ./source/circularbuffer.o
 .rodata        0x000082a8       0xde ./source/dma.o
 *fill*         0x00008386        0x2 ff
 .rodata        0x00008388      0x206 ./source/logger.o
 *fill*         0x0000858e        0x2 ff
 .rodata        0x00008590       0x73 ./source/main.o
 *fill*         0x00008603        0x1 ff
 .rodata        0x00008604       0x14 ./source/program1.o
 .rodata        0x00008618       0xef ./source/program2.o
 *fill*         0x00008707        0x1 ff
 .rodata        0x00008708        0x5 ./freertos/tasks.o
 *fill*         0x0000870d        0x3 ff
 .rodata        0x00008710        0xd ./freertos/timers.o
 *fill*         0x0000871d        0x3 ff
 .rodata.prvProcessReceivedCommands
                0x00008720       0x28 ./freertos/timers.o
 .rodata        0x00008748      0x13a ./drivers/fsl_adc16.o
 *fill*         0x00008882        0x2 ff
 .rodata        0x00008884      0x11d ./drivers/fsl_clock.o
 *fill*         0x000089a1        0x3 ff
 .rodata.fllFactorTable.5230
                0x000089a4       0x10 ./drivers/fsl_clock.o
 .rodata        0x000089b4        0x4 ./drivers/fsl_common.o
 .rodata        0x000089b8      0x152 ./drivers/fsl_dac.o
 *fill*         0x00008b0a        0x2 ff
 .rodata        0x00008b0c      0x4ae ./drivers/fsl_dma.o
 *fill*         0x00008fba        0x2 ff
 .rodata.s_dmaIRQNumber
                0x00008fbc        0x4 ./drivers/fsl_dma.o
 .rodata        0x00008fc0       0x42 ./drivers/fsl_dmamux.o
 *fill*         0x00009002        0x2 ff
 .rodata        0x00009004      0x48c ./drivers/fsl_lpsci.o
 .rodata.s_uartBases
                0x00009490        0xc ./drivers/fsl_uart.o
 .rodata.s_uartClock
                0x0000949c        0xc ./drivers/fsl_uart.o
 .rodata        0x000094a8      0x45b ./drivers/fsl_uart.o
 *fill*         0x00009903        0x1 ff
 .rodata.mcgConfig_BOARD_BootClockRUN
                0x00009904        0xa ./board/clock_config.o
                0x00009904                mcgConfig_BOARD_BootClockRUN
 *fill*         0x0000990e        0x2 ff
 .rodata.simConfig_BOARD_BootClockRUN
                0x00009910        0x8 ./board/clock_config.o
                0x00009910                simConfig_BOARD_BootClockRUN
 .rodata.oscConfig_BOARD_BootClockRUN
                0x00009918        0x8 ./board/clock_config.o
                0x00009918                oscConfig_BOARD_BootClockRUN
 .rodata.__num_Ciob_streams
                0x00009920        0x4 c:/nxp/mcuxpressoide_11.0.1_2563/ide/plugins/com.nxp.mcuxpresso.tools.win32_11.0.1.201907311258/tools/bin/../lib/gcc/arm-none-eabi/8.2.1/../../../../arm-none-eabi/lib/thumb/v6-m/nofp\libcr_nohost_nf.a(__ciob.o)
                0x00009920                __num_Ciob_streams
 .rodata._initio.str1.1
                0x00009924        0x4 c:/nxp/mcuxpressoide_11.0.1_2563/ide/plugins/com.nxp.mcuxpresso.tools.win32_11.0.1.201907311258/tools/bin/../lib/gcc/arm-none-eabi/8.2.1/../../../../arm-none-eabi/lib/thumb/v6-m/nofp\libcr_c.a(initio.o)
                0x00009928                . = ALIGN (0x4)

.glue_7         0x00009928        0x0
 .glue_7        0x00009928        0x0 linker stubs

.glue_7t        0x00009928        0x0
 .glue_7t       0x00009928        0x0 linker stubs

.vfp11_veneer   0x00009928        0x0
 .vfp11_veneer  0x00009928        0x0 linker stubs

.v4_bx          0x00009928        0x0
 .v4_bx         0x00009928        0x0 linker stubs

.iplt           0x00009928        0x0
 .iplt          0x00009928        0x0 ./utilities/fsl_debug_console.o

.rel.dyn        0x00009928        0x0
 .rel.iplt      0x00009928        0x0 ./utilities/fsl_debug_console.o

.ARM.extab
 *(SORT_BY_ALIGNMENT(.ARM.extab*) SORT_BY_ALIGNMENT(.gnu.linkonce.armextab.*))
                0x00009928                __exidx_start = .

.ARM.exidx
 *(SORT_BY_ALIGNMENT(.ARM.exidx*) SORT_BY_ALIGNMENT(.gnu.linkonce.armexidx.*))
                0x00009928                __exidx_end = .
                0x00009928                _etext = .

.m_usb_data
 *(SORT_BY_ALIGNMENT(m_usb_bdt))

.mtb_buffer_default
                0x1ffff000       0x80
 *(SORT_BY_ALIGNMENT(.mtb*))
 .mtb.$RAM1     0x1ffff000       0x80 ./source/mtb.o
                0x1ffff000                __mtb_buffer__

.uninit_RESERVED
                0x1ffff080        0x0
                0x1ffff080                . = ALIGN (0x4)
 *(SORT_BY_ALIGNMENT(.bss.$RESERVED*))
                0x1ffff080                . = ALIGN (0x4)
                0x1ffff080                _end_uninit_RESERVED = .

.data           0x1ffff080        0xc load address 0x00009928
 FILL mask 0xff
                0x1ffff080                _data = .
 *(SORT_BY_ALIGNMENT(vtable))
 *(SORT_BY_ALIGNMENT(.ramfunc*))
 *(SORT_BY_ALIGNMENT(CodeQuickAccess))
 *(SORT_BY_ALIGNMENT(DataQuickAccess))
 *(SORT_BY_ALIGNMENT(RamFunction))
 *(SORT_BY_ALIGNMENT(.data*))
 .data.uxCriticalNesting
                0x1ffff080        0x4 ./freertos/port.o
 .data.s_slowIrcFreq
                0x1ffff084        0x4 ./drivers/fsl_clock.o
 .data.SystemCoreClock
                0x1ffff088        0x4 ./CMSIS/system_MKL25Z4.o
                0x1ffff088                SystemCoreClock
                0x1ffff08c                . = ALIGN (0x4)
                0x1ffff08c                _edata = .

.igot.plt       0x1ffff08c        0x0 load address 0x00009934
 .igot.plt      0x1ffff08c        0x0 ./utilities/fsl_debug_console.o

.bss            0x1ffff08c     0x2bbc load address 0x00009934
                0x1ffff08c                . = ALIGN (0x4)
                0x1ffff08c                _bss = .
 *(SORT_BY_ALIGNMENT(.bss*))
 .bss.s_debugConsole
                0x1ffff08c       0x10 ./utilities/fsl_debug_console.o
 .bss.dacVal    0x1ffff09c       0x64 ./source/main.o
                0x1ffff09c                dacVal
 .bss.adc16ConfigStruct
                0x1ffff100        0x9 ./source/main.o
                0x1ffff100                adc16ConfigStruct
 *fill*         0x1ffff109        0x3 
 .bss.adc16ChannelConfigStruct
                0x1ffff10c        0x8 ./source/main.o
                0x1ffff10c                adc16ChannelConfigStruct
 .bss.DMA_Handle
                0x1ffff114       0x10 ./source/main.o
                0x1ffff114                DMA_Handle
 .bss.transferConfig
                0x1ffff124       0x10 ./source/main.o
                0x1ffff124                transferConfig
 .bss.dmaBuffer
                0x1ffff134       0x80 ./source/main.o
                0x1ffff134                dmaBuffer
 .bss.xLEDMutex
                0x1ffff1b4        0x4 ./source/main.o
                0x1ffff1b4                xLEDMutex
 .bss.g_ticks   0x1ffff1b8        0x4 ./source/main.o
                0x1ffff1b8                g_ticks
 .bss.ucHeap    0x1ffff1bc     0x2800 ./freertos/heap_4.o
 .bss.xStart    0x200019bc        0x8 ./freertos/heap_4.o
 .bss.pxEnd     0x200019c4        0x4 ./freertos/heap_4.o
 .bss.xFreeBytesRemaining
                0x200019c8        0x4 ./freertos/heap_4.o
 .bss.xMinimumEverFreeBytesRemaining
                0x200019cc        0x4 ./freertos/heap_4.o
 .bss.xBlockAllocatedBit
                0x200019d0        0x4 ./freertos/heap_4.o
 .bss.xQueueRegistry
                0x200019d4       0x40 ./freertos/queue.o
                0x200019d4                xQueueRegistry
 .bss.pxCurrentTCB
                0x20001a14        0x4 ./freertos/tasks.o
                0x20001a14                pxCurrentTCB
 .bss.pxReadyTasksLists
                0x20001a18       0x64 ./freertos/tasks.o
 .bss.xDelayedTaskList1
                0x20001a7c       0x14 ./freertos/tasks.o
 .bss.xDelayedTaskList2
                0x20001a90       0x14 ./freertos/tasks.o
 .bss.pxDelayedTaskList
                0x20001aa4        0x4 ./freertos/tasks.o
 .bss.pxOverflowDelayedTaskList
                0x20001aa8        0x4 ./freertos/tasks.o
 .bss.xPendingReadyList
                0x20001aac       0x14 ./freertos/tasks.o
 .bss.xTasksWaitingTermination
                0x20001ac0       0x14 ./freertos/tasks.o
 .bss.uxDeletedTasksWaitingCleanUp
                0x20001ad4        0x4 ./freertos/tasks.o
 .bss.xSuspendedTaskList
                0x20001ad8       0x14 ./freertos/tasks.o
 .bss.uxCurrentNumberOfTasks
                0x20001aec        0x4 ./freertos/tasks.o
 .bss.xTickCount
                0x20001af0        0x4 ./freertos/tasks.o
 .bss.uxTopReadyPriority
                0x20001af4        0x4 ./freertos/tasks.o
 .bss.xSchedulerRunning
                0x20001af8        0x4 ./freertos/tasks.o
 .bss.uxPendedTicks
                0x20001afc        0x4 ./freertos/tasks.o
 .bss.xYieldPending
                0x20001b00        0x4 ./freertos/tasks.o
 .bss.xNumOfOverflows
                0x20001b04        0x4 ./freertos/tasks.o
 .bss.uxTaskNumber
                0x20001b08        0x4 ./freertos/tasks.o
 .bss.xNextTaskUnblockTime
                0x20001b0c        0x4 ./freertos/tasks.o
 .bss.xIdleTaskHandle
                0x20001b10        0x4 ./freertos/tasks.o
 .bss.uxSchedulerSuspended
                0x20001b14        0x4 ./freertos/tasks.o
 .bss.xActiveTimerList1
                0x20001b18       0x14 ./freertos/timers.o
 .bss.xActiveTimerList2
                0x20001b2c       0x14 ./freertos/timers.o
 .bss.pxCurrentTimerList
                0x20001b40        0x4 ./freertos/timers.o
 .bss.pxOverflowTimerList
                0x20001b44        0x4 ./freertos/timers.o
 .bss.xTimerQueue
                0x20001b48        0x4 ./freertos/timers.o
 .bss.xTimerTaskHandle
                0x20001b4c        0x4 ./freertos/timers.o
 .bss.xLastTime.4575
                0x20001b50        0x4 ./freertos/timers.o
 .bss.g_xtal0Freq
                0x20001b54        0x4 ./drivers/fsl_clock.o
                0x20001b54                g_xtal0Freq
 .bss.s_DMAHandle
                0x20001b58       0x10 ./drivers/fsl_dma.o
 .bss.s_lpsciHandle
                0x20001b68        0x4 ./drivers/fsl_lpsci.o
 .bss.s_lpsciIsr
                0x20001b6c        0x4 ./drivers/fsl_lpsci.o
 .bss.s_uartHandle
                0x20001b70        0xc ./drivers/fsl_uart.o
 .bss.s_uartIsr
                0x20001b7c        0x4 ./drivers/fsl_uart.o
 .bss.errno     0x20001b80        0x4 c:/nxp/mcuxpressoide_11.0.1_2563/ide/plugins/com.nxp.mcuxpresso.tools.win32_11.0.1.201907311258/tools/bin/../lib/gcc/arm-none-eabi/8.2.1/../../../../arm-none-eabi/lib/thumb/v6-m/nofp\libcr_c.a(errno.o)
                0x20001b80                errno
 .bss.__end_of_heap
                0x20001b84        0x4 c:/nxp/mcuxpressoide_11.0.1_2563/ide/plugins/com.nxp.mcuxpresso.tools.win32_11.0.1.201907311258/tools/bin/../lib/gcc/arm-none-eabi/8.2.1/../../../../arm-none-eabi/lib/thumb/v6-m/nofp\libcr_c.a(__init_alloc.o)
                0x20001b84                __end_of_heap
 .bss.__heaps   0x20001b88        0x4 c:/nxp/mcuxpressoide_11.0.1_2563/ide/plugins/com.nxp.mcuxpresso.tools.win32_11.0.1.201907311258/tools/bin/../lib/gcc/arm-none-eabi/8.2.1/../../../../arm-none-eabi/lib/thumb/v6-m/nofp\libcr_c.a(__init_alloc.o)
                0x20001b88                __heaps
 .bss.__Ciob    0x20001b8c       0xb4 c:/nxp/mcuxpressoide_11.0.1_2563/ide/plugins/com.nxp.mcuxpresso.tools.win32_11.0.1.201907311258/tools/bin/../lib/gcc/arm-none-eabi/8.2.1/../../../../arm-none-eabi/lib/thumb/v6-m/nofp\libcr_nohost_nf.a(__ciob.o)
                0x20001b8c                __Ciob
 .bss.log_level
                0x20001c40        0x1 ./source/main.o
                0x20001c40                log_level
 .bss.log_a     0x20001c41        0x1 ./source/main.o
                0x20001c41                log_a
 .bss.g_Transfer_Done
                0x20001c42        0x1 ./source/main.o
                0x20001c42                g_Transfer_Done
 .bss.g_dma_done_flag
                0x20001c43        0x1 ./source/main.o
                0x20001c43                g_dma_done_flag
 .bss.g_halfsecond
                0x20001c44        0x1 ./source/main.o
                0x20001c44                g_halfsecond
 *(SORT_BY_ALIGNMENT(COMMON))
                0x20001c48                . = ALIGN (0x4)
 *fill*         0x20001c45        0x3 
                0x20001c48                _ebss = .
                [!provide]                PROVIDE (end = .)

.noinit         0x20001c48        0x0 load address 0x00009934
                0x20001c48                . = ALIGN (0x4)
                0x20001c48                _noinit = .
 *(SORT_BY_ALIGNMENT(.noinit*))
                0x20001c48                . = ALIGN (0x4)
                0x20001c48                _end_noinit = .
                0x00000400                _HeapSize = 0x400

.heap           0x20001c48      0x400 load address 0x00009934
                0x20001c48                _pvHeapStart = .
                0x20002048                . = (. + _HeapSize)
 *fill*         0x20001c48      0x400 
                0x20002048                . = ALIGN (0x4)
                0x20002048                _pvHeapLimit = .
                0x00000400                _StackSize = 0x400

.heap2stackfill
                0x20002048      0x400 load address 0x00009934
                0x20002448                . = (. + _StackSize)
 *fill*         0x20002048      0x400 

.stack          0x20002c00        0x0
                0x20002c00                _vStackBase = .
                0x20002c00                . = ALIGN (0x4)
                0x20003000                _vStackTop = (. + _StackSize)
                0x00000000                _image_start = LOADADDR (.text)
                0x00009934                _image_end = (LOADADDR (.data) + SIZEOF (.data))
                0x00009934                _image_size = (_image_end - _image_start)
OUTPUT(project6.axf elf32-littlearm)

.debug_info     0x00000000    0x12ba8
 .debug_info    0x00000000      0xfbe ./utilities/fsl_debug_console.o
 .debug_info    0x00000fbe      0x4df ./startup/startup_mkl25z4.o
 .debug_info    0x0000149d      0x72b ./source/adc.o
 .debug_info    0x00001bc8      0x79f ./source/circularbuffer.o
 .debug_info    0x00002367      0x25f ./source/dac.o
 .debug_info    0x000025c6      0x57b ./source/dma.o
 .debug_info    0x00002b41      0x5a8 ./source/led_control.o
 .debug_info    0x000030e9      0xbae ./source/logger.o
 .debug_info    0x00003c97      0xd30 ./source/main.o
 .debug_info    0x000049c7       0x53 ./source/mtb.o
 .debug_info    0x00004a1a      0x67a ./source/program1.o
 .debug_info    0x00005094     0x10c6 ./source/program2.o
 .debug_info    0x0000615a       0x3c ./source/semihost_hardfault.o
 .debug_info    0x00006196       0xec ./freertos/fsl_tickless_lptmr.o
 .debug_info    0x00006282      0x334 ./freertos/heap_4.o
 .debug_info    0x000065b6      0x2eb ./freertos/list.o
 .debug_info    0x000068a1      0x2d6 ./freertos/port.o
 .debug_info    0x00006b77      0xefb ./freertos/queue.o
 .debug_info    0x00007a72     0x18af ./freertos/tasks.o
 .debug_info    0x00009321      0xb92 ./freertos/timers.o
 .debug_info    0x00009eb3      0xc9e ./drivers/fsl_adc16.o
 .debug_info    0x0000ab51     0x1a97 ./drivers/fsl_clock.o
 .debug_info    0x0000c5e8      0x44e ./drivers/fsl_common.o
 .debug_info    0x0000ca36      0x8ba ./drivers/fsl_dac.o
 .debug_info    0x0000d2f0      0xf4e ./drivers/fsl_dma.o
 .debug_info    0x0000e23e      0x4e7 ./drivers/fsl_dmamux.o
 .debug_info    0x0000e725     0x1469 ./drivers/fsl_lpsci.o
 .debug_info    0x0000fb8e     0x140a ./drivers/fsl_uart.o
 .debug_info    0x00010f98      0x6fa ./board/board.o
 .debug_info    0x00011692      0xafe ./board/clock_config.o
 .debug_info    0x00012190       0x3c ./board/peripherals.o
 .debug_info    0x000121cc      0x5a3 ./board/pin_mux.o
 .debug_info    0x0001276f      0x439 ./CMSIS/system_MKL25Z4.o

.debug_abbrev   0x00000000     0x3e07
 .debug_abbrev  0x00000000      0x2d7 ./utilities/fsl_debug_console.o
 .debug_abbrev  0x000002d7      0x18d ./startup/startup_mkl25z4.o
 .debug_abbrev  0x00000464      0x138 ./source/adc.o
 .debug_abbrev  0x0000059c      0x1e7 ./source/circularbuffer.o
 .debug_abbrev  0x00000783      0x166 ./source/dac.o
 .debug_abbrev  0x000008e9      0x1f6 ./source/dma.o
 .debug_abbrev  0x00000adf      0x19a ./source/led_control.o
 .debug_abbrev  0x00000c79      0x278 ./source/logger.o
 .debug_abbrev  0x00000ef1      0x1e2 ./source/main.o
 .debug_abbrev  0x000010d3       0x46 ./source/mtb.o
 .debug_abbrev  0x00001119      0x188 ./source/program1.o
 .debug_abbrev  0x000012a1      0x29b ./source/program2.o
 .debug_abbrev  0x0000153c       0x31 ./source/semihost_hardfault.o
 .debug_abbrev  0x0000156d       0x9a ./freertos/fsl_tickless_lptmr.o
 .debug_abbrev  0x00001607      0x1a7 ./freertos/heap_4.o
 .debug_abbrev  0x000017ae      0x126 ./freertos/list.o
 .debug_abbrev  0x000018d4      0x1d1 ./freertos/port.o
 .debug_abbrev  0x00001aa5      0x214 ./freertos/queue.o
 .debug_abbrev  0x00001cb9      0x2c3 ./freertos/tasks.o
 .debug_abbrev  0x00001f7c      0x225 ./freertos/timers.o
 .debug_abbrev  0x000021a1      0x2a2 ./drivers/fsl_adc16.o
 .debug_abbrev  0x00002443      0x36f ./drivers/fsl_clock.o
 .debug_abbrev  0x000027b2      0x27e ./drivers/fsl_common.o
 .debug_abbrev  0x00002a30      0x237 ./drivers/fsl_dac.o
 .debug_abbrev  0x00002c67      0x2ec ./drivers/fsl_dma.o
 .debug_abbrev  0x00002f53      0x1b0 ./drivers/fsl_dmamux.o
 .debug_abbrev  0x00003103      0x309 ./drivers/fsl_lpsci.o
 .debug_abbrev  0x0000340c      0x323 ./drivers/fsl_uart.o
 .debug_abbrev  0x0000372f      0x185 ./board/board.o
 .debug_abbrev  0x000038b4      0x211 ./board/clock_config.o
 .debug_abbrev  0x00003ac5       0x31 ./board/peripherals.o
 .debug_abbrev  0x00003af6      0x1bb ./board/pin_mux.o
 .debug_abbrev  0x00003cb1      0x156 ./CMSIS/system_MKL25Z4.o

.debug_aranges  0x00000000     0x10c8
 .debug_aranges
                0x00000000       0x98 ./utilities/fsl_debug_console.o
 .debug_aranges
                0x00000098      0x160 ./startup/startup_mkl25z4.o
 .debug_aranges
                0x000001f8       0x20 ./source/adc.o
 .debug_aranges
                0x00000218       0x58 ./source/circularbuffer.o
 .debug_aranges
                0x00000270       0x28 ./source/dac.o
 .debug_aranges
                0x00000298       0x40 ./source/dma.o
 .debug_aranges
                0x000002d8       0x40 ./source/led_control.o
 .debug_aranges
                0x00000318       0x78 ./source/logger.o
 .debug_aranges
                0x00000390       0x20 ./source/main.o
 .debug_aranges
                0x000003b0       0x18 ./source/mtb.o
 .debug_aranges
                0x000003c8       0x20 ./source/program1.o
 .debug_aranges
                0x000003e8       0x48 ./source/program2.o
 .debug_aranges
                0x00000430       0x20 ./source/semihost_hardfault.o
 .debug_aranges
                0x00000450       0x20 ./freertos/fsl_tickless_lptmr.o
 .debug_aranges
                0x00000470       0x50 ./freertos/heap_4.o
 .debug_aranges
                0x000004c0       0x40 ./freertos/list.o
 .debug_aranges
                0x00000500       0x80 ./freertos/port.o
 .debug_aranges
                0x00000580      0x118 ./freertos/queue.o
 .debug_aranges
                0x00000698      0x1e8 ./freertos/tasks.o
 .debug_aranges
                0x00000880       0xc8 ./freertos/timers.o
 .debug_aranges
                0x00000948       0x88 ./drivers/fsl_adc16.o
 .debug_aranges
                0x000009d0      0x1d8 ./drivers/fsl_clock.o
 .debug_aranges
                0x00000ba8       0x38 ./drivers/fsl_common.o
 .debug_aranges
                0x00000be0       0x90 ./drivers/fsl_dac.o
 .debug_aranges
                0x00000c70       0xd0 ./drivers/fsl_dma.o
 .debug_aranges
                0x00000d40       0x40 ./drivers/fsl_dmamux.o
 .debug_aranges
                0x00000d80      0x118 ./drivers/fsl_lpsci.o
 .debug_aranges
                0x00000e98      0x130 ./drivers/fsl_uart.o
 .debug_aranges
                0x00000fc8       0x28 ./board/board.o
 .debug_aranges
                0x00000ff0       0x58 ./board/clock_config.o
 .debug_aranges
                0x00001048       0x20 ./board/peripherals.o
 .debug_aranges
                0x00001068       0x38 ./board/pin_mux.o
 .debug_aranges
                0x000010a0       0x28 ./CMSIS/system_MKL25Z4.o

.debug_ranges   0x00000000      0xeb0
 .debug_ranges  0x00000000       0x88 ./utilities/fsl_debug_console.o
 .debug_ranges  0x00000088      0x150 ./startup/startup_mkl25z4.o
 .debug_ranges  0x000001d8       0x10 ./source/adc.o
 .debug_ranges  0x000001e8       0x48 ./source/circularbuffer.o
 .debug_ranges  0x00000230       0x18 ./source/dac.o
 .debug_ranges  0x00000248       0x30 ./source/dma.o
 .debug_ranges  0x00000278       0x30 ./source/led_control.o
 .debug_ranges  0x000002a8       0x68 ./source/logger.o
 .debug_ranges  0x00000310       0x10 ./source/main.o
 .debug_ranges  0x00000320       0x10 ./source/program1.o
 .debug_ranges  0x00000330       0x38 ./source/program2.o
 .debug_ranges  0x00000368       0x10 ./source/semihost_hardfault.o
 .debug_ranges  0x00000378       0x10 ./freertos/fsl_tickless_lptmr.o
 .debug_ranges  0x00000388       0x40 ./freertos/heap_4.o
 .debug_ranges  0x000003c8       0x30 ./freertos/list.o
 .debug_ranges  0x000003f8       0x70 ./freertos/port.o
 .debug_ranges  0x00000468      0x108 ./freertos/queue.o
 .debug_ranges  0x00000570      0x1d8 ./freertos/tasks.o
 .debug_ranges  0x00000748       0xb8 ./freertos/timers.o
 .debug_ranges  0x00000800       0x78 ./drivers/fsl_adc16.o
 .debug_ranges  0x00000878      0x1c8 ./drivers/fsl_clock.o
 .debug_ranges  0x00000a40       0x28 ./drivers/fsl_common.o
 .debug_ranges  0x00000a68       0x80 ./drivers/fsl_dac.o
 .debug_ranges  0x00000ae8       0xc0 ./drivers/fsl_dma.o
 .debug_ranges  0x00000ba8       0x30 ./drivers/fsl_dmamux.o
 .debug_ranges  0x00000bd8      0x108 ./drivers/fsl_lpsci.o
 .debug_ranges  0x00000ce0      0x120 ./drivers/fsl_uart.o
 .debug_ranges  0x00000e00       0x18 ./board/board.o
 .debug_ranges  0x00000e18       0x48 ./board/clock_config.o
 .debug_ranges  0x00000e60       0x10 ./board/peripherals.o
 .debug_ranges  0x00000e70       0x28 ./board/pin_mux.o
 .debug_ranges  0x00000e98       0x18 ./CMSIS/system_MKL25Z4.o

.debug_macro    0x00000000     0xb0f4
 .debug_macro   0x00000000      0x127 ./utilities/fsl_debug_console.o
 .debug_macro   0x00000127      0xab4 ./utilities/fsl_debug_console.o
 .debug_macro   0x00000bdb       0x10 ./utilities/fsl_debug_console.o
 .debug_macro   0x00000beb       0x16 ./utilities/fsl_debug_console.o
 .debug_macro   0x00000c01       0x10 ./utilities/fsl_debug_console.o
 .debug_macro   0x00000c11      0x12e ./utilities/fsl_debug_console.o
 .debug_macro   0x00000d3f       0x28 ./utilities/fsl_debug_console.o
 .debug_macro   0x00000d67       0xc4 ./utilities/fsl_debug_console.o
 .debug_macro   0x00000e2b       0x16 ./utilities/fsl_debug_console.o
 .debug_macro   0x00000e41       0x22 ./utilities/fsl_debug_console.o
 .debug_macro   0x00000e63      0x5b3 ./utilities/fsl_debug_console.o
 .debug_macro   0x00001416       0x10 ./utilities/fsl_debug_console.o
 .debug_macro   0x00001426       0x3f ./utilities/fsl_debug_console.o
 .debug_macro   0x00001465       0x3a ./utilities/fsl_debug_console.o
 .debug_macro   0x0000149f       0x26 ./utilities/fsl_debug_console.o
 .debug_macro   0x000014c5      0x329 ./utilities/fsl_debug_console.o
 .debug_macro   0x000017ee       0x30 ./utilities/fsl_debug_console.o
 .debug_macro   0x0000181e     0x51e2 ./utilities/fsl_debug_console.o
 .debug_macro   0x00006a00     0x1352 ./utilities/fsl_debug_console.o
 .debug_macro   0x00007d52       0x3a ./utilities/fsl_debug_console.o
 .debug_macro   0x00007d8c       0xf4 ./utilities/fsl_debug_console.o
 .debug_macro   0x00007e80       0x35 ./utilities/fsl_debug_console.o
 .debug_macro   0x00007eb5       0x2e ./utilities/fsl_debug_console.o
 .debug_macro   0x00007ee3       0x10 ./utilities/fsl_debug_console.o
 .debug_macro   0x00007ef3       0x10 ./utilities/fsl_debug_console.o
 .debug_macro   0x00007f03       0x29 ./startup/startup_mkl25z4.o
 .debug_macro   0x00007f2c      0x14c ./source/adc.o
 .debug_macro   0x00008078       0x1c ./source/adc.o
 .debug_macro   0x00008094       0xd2 ./source/adc.o
 .debug_macro   0x00008166       0x22 ./source/adc.o
 .debug_macro   0x00008188       0x10 ./source/adc.o
 .debug_macro   0x00008198      0x179 ./source/circularbuffer.o
 .debug_macro   0x00008311       0x16 ./source/circularbuffer.o
 .debug_macro   0x00008327       0x1c ./source/circularbuffer.o
 .debug_macro   0x00008343       0x16 ./source/circularbuffer.o
 .debug_macro   0x00008359       0x10 ./source/circularbuffer.o
 .debug_macro   0x00008369      0x112 ./source/circularbuffer.o
 .debug_macro   0x0000847b       0x64 ./source/circularbuffer.o
 .debug_macro   0x000084df       0x34 ./source/circularbuffer.o
 .debug_macro   0x00008513       0x10 ./source/circularbuffer.o
 .debug_macro   0x00008523       0xf6 ./source/dac.o
 .debug_macro   0x00008619      0x125 ./source/dma.o
 .debug_macro   0x0000873e       0x10 ./source/dma.o
 .debug_macro   0x0000874e      0x167 ./source/led_control.o
 .debug_macro   0x000088b5      0x16a ./source/logger.o
 .debug_macro   0x00008a1f       0xd8 ./source/logger.o
 .debug_macro   0x00008af7      0x299 ./source/main.o
 .debug_macro   0x00008d90       0x10 ./source/main.o
 .debug_macro   0x00008da0       0x10 ./source/main.o
 .debug_macro   0x00008db0       0x10 ./source/main.o
 .debug_macro   0x00008dc0      0x18b ./source/main.o
 .debug_macro   0x00008f4b      0x168 ./source/main.o
 .debug_macro   0x000090b3       0xb6 ./source/main.o
 .debug_macro   0x00009169       0x10 ./source/main.o
 .debug_macro   0x00009179       0x1f ./source/main.o
 .debug_macro   0x00009198      0x361 ./source/main.o
 .debug_macro   0x000094f9       0xc0 ./source/main.o
 .debug_macro   0x000095b9       0x8c ./source/main.o
 .debug_macro   0x00009645       0x94 ./source/main.o
 .debug_macro   0x000096d9       0x91 ./source/main.o
 .debug_macro   0x0000976a       0x16 ./source/main.o
 .debug_macro   0x00009780       0x78 ./source/main.o
 .debug_macro   0x000097f8       0x10 ./source/main.o
 .debug_macro   0x00009808       0x2f ./source/mtb.o
 .debug_macro   0x00009837       0x82 ./source/mtb.o
 .debug_macro   0x000098b9       0x10 ./source/mtb.o
 .debug_macro   0x000098c9      0x221 ./source/program1.o
 .debug_macro   0x00009aea      0x280 ./source/program2.o
 .debug_macro   0x00009d6a       0x11 ./source/semihost_hardfault.o
 .debug_macro   0x00009d7b       0xbd ./freertos/fsl_tickless_lptmr.o
 .debug_macro   0x00009e38       0x8e ./freertos/fsl_tickless_lptmr.o
 .debug_macro   0x00009ec6       0xe0 ./freertos/heap_4.o
 .debug_macro   0x00009fa6       0xb9 ./freertos/list.o
 .debug_macro   0x0000a05f       0xff ./freertos/port.o
 .debug_macro   0x0000a15e      0x122 ./freertos/queue.o
 .debug_macro   0x0000a280      0x182 ./freertos/tasks.o
 .debug_macro   0x0000a402       0x11 ./freertos/tasks.o
 .debug_macro   0x0000a413       0xec ./freertos/timers.o
 .debug_macro   0x0000a4ff       0xec ./drivers/fsl_adc16.o
 .debug_macro   0x0000a5eb      0x196 ./drivers/fsl_clock.o
 .debug_macro   0x0000a781       0xef ./drivers/fsl_common.o
 .debug_macro   0x0000a870       0xec ./drivers/fsl_dac.o
 .debug_macro   0x0000a95c       0xec ./drivers/fsl_dma.o
 .debug_macro   0x0000aa48       0xec ./drivers/fsl_dmamux.o
 .debug_macro   0x0000ab34       0xec ./drivers/fsl_lpsci.o
 .debug_macro   0x0000ac20       0xf2 ./drivers/fsl_uart.o
 .debug_macro   0x0000ad12      0x112 ./board/board.o
 .debug_macro   0x0000ae24      0x123 ./board/clock_config.o
 .debug_macro   0x0000af47       0x1b ./board/peripherals.o
 .debug_macro   0x0000af62       0xee ./board/pin_mux.o
 .debug_macro   0x0000b050       0x10 ./board/pin_mux.o
 .debug_macro   0x0000b060       0x94 ./CMSIS/system_MKL25Z4.o

.debug_line     0x00000000     0xc0f8
 .debug_line    0x00000000      0xd5a ./utilities/fsl_debug_console.o
 .debug_line    0x00000d5a      0x1e7 ./startup/startup_mkl25z4.o
 .debug_line    0x00000f41      0x2e8 ./source/adc.o
 .debug_line    0x00001229      0x4ee ./source/circularbuffer.o
 .debug_line    0x00001717      0x29f ./source/dac.o
 .debug_line    0x000019b6      0x353 ./source/dma.o
 .debug_line    0x00001d09      0x3b6 ./source/led_control.o
 .debug_line    0x000020bf      0x667 ./source/logger.o
 .debug_line    0x00002726      0x4ae ./source/main.o
 .debug_line    0x00002bd4       0xd1 ./source/mtb.o
 .debug_line    0x00002ca5      0x454 ./source/program1.o
 .debug_line    0x000030f9      0x658 ./source/program2.o
 .debug_line    0x00003751       0x5a ./source/semihost_hardfault.o
 .debug_line    0x000037ab      0x255 ./freertos/fsl_tickless_lptmr.o
 .debug_line    0x00003a00      0x490 ./freertos/heap_4.o
 .debug_line    0x00003e90      0x319 ./freertos/list.o
 .debug_line    0x000041a9      0x3f7 ./freertos/port.o
 .debug_line    0x000045a0      0xc90 ./freertos/queue.o
 .debug_line    0x00005230     0x1527 ./freertos/tasks.o
 .debug_line    0x00006757      0x722 ./freertos/timers.o
 .debug_line    0x00006e79      0x614 ./drivers/fsl_adc16.o
 .debug_line    0x0000748d     0x12b1 ./drivers/fsl_clock.o
 .debug_line    0x0000873e      0x350 ./drivers/fsl_common.o
 .debug_line    0x00008a8e      0x4fa ./drivers/fsl_dac.o
 .debug_line    0x00008f88      0x703 ./drivers/fsl_dma.o
 .debug_line    0x0000968b      0x325 ./drivers/fsl_dmamux.o
 .debug_line    0x000099b0      0xd32 ./drivers/fsl_lpsci.o
 .debug_line    0x0000a6e2      0xd21 ./drivers/fsl_uart.o
 .debug_line    0x0000b403      0x2e3 ./board/board.o
 .debug_line    0x0000b6e6      0x373 ./board/clock_config.o
 .debug_line    0x0000ba59       0x5c ./board/peripherals.o
 .debug_line    0x0000bab5      0x304 ./board/pin_mux.o
 .debug_line    0x0000bdb9      0x33f ./CMSIS/system_MKL25Z4.o

.debug_str      0x00000000    0x3efc7
 .debug_str     0x00000000    0x3152b ./utilities/fsl_debug_console.o
                              0x317f7 (size before relaxing)
 .debug_str     0x0003152b      0x3b6 ./startup/startup_mkl25z4.o
                               0x31e7 (size before relaxing)
 .debug_str     0x000318e1      0xabb ./source/adc.o
                              0x311d3 (size before relaxing)
 .debug_str     0x0003239c     0x114e ./source/circularbuffer.o
                              0x31986 (size before relaxing)
 .debug_str     0x000334ea      0x138 ./source/dac.o
                              0x30671 (size before relaxing)
 .debug_str     0x00033622      0x275 ./source/dma.o
                              0x30bcb (size before relaxing)
 .debug_str     0x00033897       0xb8 ./source/led_control.o
                              0x316f7 (size before relaxing)
 .debug_str     0x0003394f      0x310 ./source/logger.o
                              0x31e3a (size before relaxing)
 .debug_str     0x00033c5f     0x4a0a ./source/main.o
                              0x37728 (size before relaxing)
 .debug_str     0x00038669      0x532 ./source/mtb.o
                               0x32f3 (size before relaxing)
 .debug_str     0x00038b9b       0x34 ./source/program1.o
                              0x3635c (size before relaxing)
 .debug_str     0x00038bcf      0x1a6 ./source/program2.o
                              0x37517 (size before relaxing)
 .debug_str     0x00038d75       0x1f ./source/semihost_hardfault.o
                               0x2de0 (size before relaxing)
 .debug_str     0x00038d94      0x43c ./freertos/fsl_tickless_lptmr.o
                               0x7c5c (size before relaxing)
 .debug_str     0x000391d0      0x27e ./freertos/heap_4.o
                               0x7af7 (size before relaxing)
 .debug_str     0x0003944e      0x12a ./freertos/list.o
                               0x7414 (size before relaxing)
 .debug_str     0x00039578      0x188 ./freertos/port.o
                               0x7efc (size before relaxing)
 .debug_str     0x00039700      0x75b ./freertos/queue.o
                               0x8970 (size before relaxing)
 .debug_str     0x00039e5b     0x130a ./freertos/tasks.o
                               0x95e1 (size before relaxing)
 .debug_str     0x0003b165      0x4c6 ./freertos/timers.o
                               0x8ebb (size before relaxing)
 .debug_str     0x0003b62b      0x5a9 ./drivers/fsl_adc16.o
                              0x3158c (size before relaxing)
 .debug_str     0x0003bbd4     0x13f9 ./drivers/fsl_clock.o
                              0x322ee (size before relaxing)
 .debug_str     0x0003cfcd      0x105 ./drivers/fsl_common.o
                              0x308d5 (size before relaxing)
 .debug_str     0x0003d0d2      0x259 ./drivers/fsl_dac.o
                              0x30edb (size before relaxing)
 .debug_str     0x0003d32b      0x561 ./drivers/fsl_dma.o
                              0x315bc (size before relaxing)
 .debug_str     0x0003d88c       0x65 ./drivers/fsl_dmamux.o
                              0x30be9 (size before relaxing)
 .debug_str     0x0003d8f1      0x93a ./drivers/fsl_lpsci.o
                              0x318f6 (size before relaxing)
 .debug_str     0x0003e22b      0x832 ./drivers/fsl_uart.o
                              0x31919 (size before relaxing)
 .debug_str     0x0003ea5d       0x4c ./board/board.o
                              0x31433 (size before relaxing)
 .debug_str     0x0003eaa9      0x300 ./board/clock_config.o
                              0x3121c (size before relaxing)
 .debug_str     0x0003eda9       0x31 ./board/peripherals.o
                               0x2df1 (size before relaxing)
 .debug_str     0x0003edda      0x1a6 ./board/pin_mux.o
                              0x30b30 (size before relaxing)
 .debug_str     0x0003ef80       0x47 ./CMSIS/system_MKL25Z4.o
                              0x2fc58 (size before relaxing)

.comment        0x00000000       0x75
 .comment       0x00000000       0x75 ./utilities/fsl_debug_console.o
                                 0x76 (size before relaxing)
 .comment       0x00000075       0x76 ./startup/startup_mkl25z4.o
 .comment       0x00000075       0x76 ./source/adc.o
 .comment       0x00000075       0x76 ./source/circularbuffer.o
 .comment       0x00000075       0x76 ./source/dac.o
 .comment       0x00000075       0x76 ./source/dma.o
 .comment       0x00000075       0x76 ./source/led_control.o
 .comment       0x00000075       0x76 ./source/logger.o
 .comment       0x00000075       0x76 ./source/main.o
 .comment       0x00000075       0x76 ./source/mtb.o
 .comment       0x00000075       0x76 ./source/program1.o
 .comment       0x00000075       0x76 ./source/program2.o
 .comment       0x00000075       0x76 ./source/semihost_hardfault.o
 .comment       0x00000075       0x76 ./freertos/fsl_tickless_lptmr.o
 .comment       0x00000075       0x76 ./freertos/heap_4.o
 .comment       0x00000075       0x76 ./freertos/list.o
 .comment       0x00000075       0x76 ./freertos/port.o
 .comment       0x00000075       0x76 ./freertos/queue.o
 .comment       0x00000075       0x76 ./freertos/tasks.o
 .comment       0x00000075       0x76 ./freertos/timers.o
 .comment       0x00000075       0x76 ./drivers/fsl_adc16.o
 .comment       0x00000075       0x76 ./drivers/fsl_clock.o
 .comment       0x00000075       0x76 ./drivers/fsl_common.o
 .comment       0x00000075       0x76 ./drivers/fsl_dac.o
 .comment       0x00000075       0x76 ./drivers/fsl_dma.o
 .comment       0x00000075       0x76 ./drivers/fsl_dmamux.o
 .comment       0x00000075       0x76 ./drivers/fsl_lpsci.o
 .comment       0x00000075       0x76 ./drivers/fsl_uart.o
 .comment       0x00000075       0x76 ./board/board.o
 .comment       0x00000075       0x76 ./board/clock_config.o
 .comment       0x00000075       0x76 ./board/peripherals.o
 .comment       0x00000075       0x76 ./board/pin_mux.o
 .comment       0x00000075       0x76 ./CMSIS/system_MKL25Z4.o
 .comment       0x00000075       0x76 c:/nxp/mcuxpressoide_11.0.1_2563/ide/plugins/com.nxp.mcuxpresso.tools.win32_11.0.1.201907311258/tools/bin/../lib/gcc/arm-none-eabi/8.2.1/../../../../arm-none-eabi/lib/thumb/v6-m/nofp\libcr_nohost_nf.a(_cr__main.o)
 .comment       0x00000075       0x76 c:/nxp/mcuxpressoide_11.0.1_2563/ide/plugins/com.nxp.mcuxpresso.tools.win32_11.0.1.201907311258/tools/bin/../lib/gcc/arm-none-eabi/8.2.1/../../../../arm-none-eabi/lib/thumb/v6-m/nofp\libcr_c.a(sqrtf.o)
 .comment       0x00000075       0x76 c:/nxp/mcuxpressoide_11.0.1_2563/ide/plugins/com.nxp.mcuxpresso.tools.win32_11.0.1.201907311258/tools/bin/../lib/gcc/arm-none-eabi/8.2.1/../../../../arm-none-eabi/lib/thumb/v6-m/nofp\libcr_c.a(memcpy.o)
 .comment       0x00000075       0x76 c:/nxp/mcuxpressoide_11.0.1_2563/ide/plugins/com.nxp.mcuxpresso.tools.win32_11.0.1.201907311258/tools/bin/../lib/gcc/arm-none-eabi/8.2.1/../../../../arm-none-eabi/lib/thumb/v6-m/nofp\libcr_c.a(memset.o)
 .comment       0x00000075       0x76 c:/nxp/mcuxpressoide_11.0.1_2563/ide/plugins/com.nxp.mcuxpresso.tools.win32_11.0.1.201907311258/tools/bin/../lib/gcc/arm-none-eabi/8.2.1/../../../../arm-none-eabi/lib/thumb/v6-m/nofp\libcr_c.a(alloc.o)
 .comment       0x00000075       0x76 c:/nxp/mcuxpressoide_11.0.1_2563/ide/plugins/com.nxp.mcuxpresso.tools.win32_11.0.1.201907311258/tools/bin/../lib/gcc/arm-none-eabi/8.2.1/../../../../arm-none-eabi/lib/thumb/v6-m/nofp\libcr_c.a(errno.o)
 .comment       0x00000075       0x76 c:/nxp/mcuxpressoide_11.0.1_2563/ide/plugins/com.nxp.mcuxpresso.tools.win32_11.0.1.201907311258/tools/bin/../lib/gcc/arm-none-eabi/8.2.1/../../../../arm-none-eabi/lib/thumb/v6-m/nofp\libcr_c.a(initio.o)
 .comment       0x00000075       0x76 c:/nxp/mcuxpressoide_11.0.1_2563/ide/plugins/com.nxp.mcuxpresso.tools.win32_11.0.1.201907311258/tools/bin/../lib/gcc/arm-none-eabi/8.2.1/../../../../arm-none-eabi/lib/thumb/v6-m/nofp\libcr_c.a(modf.o)
 .comment       0x00000075       0x76 c:/nxp/mcuxpressoide_11.0.1_2563/ide/plugins/com.nxp.mcuxpresso.tools.win32_11.0.1.201907311258/tools/bin/../lib/gcc/arm-none-eabi/8.2.1/../../../../arm-none-eabi/lib/thumb/v6-m/nofp\libcr_c.a(pow.o)
 .comment       0x00000075       0x76 c:/nxp/mcuxpressoide_11.0.1_2563/ide/plugins/com.nxp.mcuxpresso.tools.win32_11.0.1.201907311258/tools/bin/../lib/gcc/arm-none-eabi/8.2.1/../../../../arm-none-eabi/lib/thumb/v6-m/nofp\libcr_c.a(setvbuf.o)
 .comment       0x00000075       0x76 c:/nxp/mcuxpressoide_11.0.1_2563/ide/plugins/com.nxp.mcuxpresso.tools.win32_11.0.1.201907311258/tools/bin/../lib/gcc/arm-none-eabi/8.2.1/../../../../arm-none-eabi/lib/thumb/v6-m/nofp\libcr_c.a(sin.o)